Archive member included to satisfy reference by file (symbol)

/Applications/STM32CubeIDE.app/Contents/Eclipse/plugins/com.st.stm32cube.ide.mcu.externaltools.gnu-tools-for-stm32.13.3.rel1.macos64_1.0.0.202411102158/tools/bin/../lib/gcc/arm-none-eabi/13.3.1/../../../../arm-none-eabi/lib/thumb/v7e-m+fp/hard/libc_nano.a(libc_a-exit.o)
                              /Applications/STM32CubeIDE.app/Contents/Eclipse/plugins/com.st.stm32cube.ide.mcu.externaltools.gnu-tools-for-stm32.13.3.rel1.macos64_1.0.0.202411102158/tools/bin/../lib/gcc/arm-none-eabi/13.3.1/../../../../arm-none-eabi/lib/thumb/v7e-m+fp/hard/crt0.o (exit)
/Applications/STM32CubeIDE.app/Contents/Eclipse/plugins/com.st.stm32cube.ide.mcu.externaltools.gnu-tools-for-stm32.13.3.rel1.macos64_1.0.0.202411102158/tools/bin/../lib/gcc/arm-none-eabi/13.3.1/../../../../arm-none-eabi/lib/thumb/v7e-m+fp/hard/libc_nano.a(libc_a-findfp.o)
                              ./Middlewares/Third_Party/FreeRTOS/Source/tasks.o (__sf)
/Applications/STM32CubeIDE.app/Contents/Eclipse/plugins/com.st.stm32cube.ide.mcu.externaltools.gnu-tools-for-stm32.13.3.rel1.macos64_1.0.0.202411102158/tools/bin/../lib/gcc/arm-none-eabi/13.3.1/../../../../arm-none-eabi/lib/thumb/v7e-m+fp/hard/libc_nano.a(libc_a-fwalk.o)
                              /Applications/STM32CubeIDE.app/Contents/Eclipse/plugins/com.st.stm32cube.ide.mcu.externaltools.gnu-tools-for-stm32.13.3.rel1.macos64_1.0.0.202411102158/tools/bin/../lib/gcc/arm-none-eabi/13.3.1/../../../../arm-none-eabi/lib/thumb/v7e-m+fp/hard/libc_nano.a(libc_a-findfp.o) (_fwalk_sglue)
/Applications/STM32CubeIDE.app/Contents/Eclipse/plugins/com.st.stm32cube.ide.mcu.externaltools.gnu-tools-for-stm32.13.3.rel1.macos64_1.0.0.202411102158/tools/bin/../lib/gcc/arm-none-eabi/13.3.1/../../../../arm-none-eabi/lib/thumb/v7e-m+fp/hard/libc_nano.a(libc_a-memset.o)
                              /Applications/STM32CubeIDE.app/Contents/Eclipse/plugins/com.st.stm32cube.ide.mcu.externaltools.gnu-tools-for-stm32.13.3.rel1.macos64_1.0.0.202411102158/tools/bin/../lib/gcc/arm-none-eabi/13.3.1/../../../../arm-none-eabi/lib/thumb/v7e-m+fp/hard/crt0.o (memset)
/Applications/STM32CubeIDE.app/Contents/Eclipse/plugins/com.st.stm32cube.ide.mcu.externaltools.gnu-tools-for-stm32.13.3.rel1.macos64_1.0.0.202411102158/tools/bin/../lib/gcc/arm-none-eabi/13.3.1/../../../../arm-none-eabi/lib/thumb/v7e-m+fp/hard/libc_nano.a(libc_a-errno.o)
                              ./Core/Src/syscalls.o (__errno)
/Applications/STM32CubeIDE.app/Contents/Eclipse/plugins/com.st.stm32cube.ide.mcu.externaltools.gnu-tools-for-stm32.13.3.rel1.macos64_1.0.0.202411102158/tools/bin/../lib/gcc/arm-none-eabi/13.3.1/../../../../arm-none-eabi/lib/thumb/v7e-m+fp/hard/libc_nano.a(libc_a-init.o)
                              /Applications/STM32CubeIDE.app/Contents/Eclipse/plugins/com.st.stm32cube.ide.mcu.externaltools.gnu-tools-for-stm32.13.3.rel1.macos64_1.0.0.202411102158/tools/bin/../lib/gcc/arm-none-eabi/13.3.1/../../../../arm-none-eabi/lib/thumb/v7e-m+fp/hard/crt0.o (__libc_init_array)
/Applications/STM32CubeIDE.app/Contents/Eclipse/plugins/com.st.stm32cube.ide.mcu.externaltools.gnu-tools-for-stm32.13.3.rel1.macos64_1.0.0.202411102158/tools/bin/../lib/gcc/arm-none-eabi/13.3.1/../../../../arm-none-eabi/lib/thumb/v7e-m+fp/hard/libc_nano.a(libc_a-lock.o)
                              /Applications/STM32CubeIDE.app/Contents/Eclipse/plugins/com.st.stm32cube.ide.mcu.externaltools.gnu-tools-for-stm32.13.3.rel1.macos64_1.0.0.202411102158/tools/bin/../lib/gcc/arm-none-eabi/13.3.1/../../../../arm-none-eabi/lib/thumb/v7e-m+fp/hard/libc_nano.a(libc_a-findfp.o) (__retarget_lock_init_recursive)
/Applications/STM32CubeIDE.app/Contents/Eclipse/plugins/com.st.stm32cube.ide.mcu.externaltools.gnu-tools-for-stm32.13.3.rel1.macos64_1.0.0.202411102158/tools/bin/../lib/gcc/arm-none-eabi/13.3.1/../../../../arm-none-eabi/lib/thumb/v7e-m+fp/hard/libc_nano.a(libc_a-reent.o)
                              ./Middlewares/Third_Party/FreeRTOS/Source/tasks.o (_reclaim_reent)
/Applications/STM32CubeIDE.app/Contents/Eclipse/plugins/com.st.stm32cube.ide.mcu.externaltools.gnu-tools-for-stm32.13.3.rel1.macos64_1.0.0.202411102158/tools/bin/../lib/gcc/arm-none-eabi/13.3.1/../../../../arm-none-eabi/lib/thumb/v7e-m+fp/hard/libc_nano.a(libc_a-impure.o)
                              ./Middlewares/Third_Party/FreeRTOS/Source/tasks.o (_impure_ptr)
/Applications/STM32CubeIDE.app/Contents/Eclipse/plugins/com.st.stm32cube.ide.mcu.externaltools.gnu-tools-for-stm32.13.3.rel1.macos64_1.0.0.202411102158/tools/bin/../lib/gcc/arm-none-eabi/13.3.1/../../../../arm-none-eabi/lib/thumb/v7e-m+fp/hard/libc_nano.a(libc_a-memcpy-stub.o)
                              ./Middlewares/Third_Party/FreeRTOS/Source/CMSIS_RTOS_V2/cmsis_os2.o (memcpy)
[...]
Memory Configuration

Name             Origin             Length             Attributes
CCMRAM           0x10000000         0x00010000         xrw
RAM              0x20000000         0x00020000         xrw
FLASH            0x08000000         0x00060000         xr
USER_FLASH       0x08060000         0x00020000         xr
*default*        0x00000000         0xffffffff

Linker script and memory map

LOAD /Applications/STM32CubeIDE.app/Contents/Eclipse/plugins/com.st.stm32cube.ide.mcu.externaltools.gnu-tools-for-stm32.13.3.rel1.macos64_1.0.0.202411102158/tools/bin/../lib/gcc/arm-none-eabi/13.3.1/thumb/v7e-m+fp/hard/crti.o
LOAD /Applications/STM32CubeIDE.app/Contents/Eclipse/plugins/com.st.stm32cube.ide.mcu.externaltools.gnu-tools-for-stm32.13.3.rel1.macos64_1.0.0.202411102158/tools/bin/../lib/gcc/arm-none-eabi/13.3.1/thumb/v7e-m+fp/hard/crtbegin.o
LOAD /Applications/STM32CubeIDE.app/Contents/Eclipse/plugins/com.st.stm32cube.ide.mcu.externaltools.gnu-tools-for-stm32.13.3.rel1.macos64_1.0.0.202411102158/tools/bin/../lib/gcc/arm-none-eabi/13.3.1/../../../../arm-none-eabi/lib/thumb/v7e-m+fp/hard/crt0.o
LOAD ./Components/Src/CAN.o
LOAD ./Components/Src/Config.o
LOAD ./Components/Src/Discrete.o
LOAD ./Components/Src/Ethernet.o
LOAD ./Components/Src/RS485.o
LOAD ./Components/Src/analog.o
LOAD ./Components/Src/eeprom.o
LOAD ./Components/Src/i2c.o
LOAD ./Components/Src/kairos.o
LOAD ./Components/Src/led.o
LOAD ./Core/Src/freertos.o
LOAD ./Core/Src/main.o
LOAD ./Core/Src/stm32f4xx_hal_msp.o
LOAD ./Core/Src/stm32f4xx_hal_timebase_tim.o
LOAD ./Core/Src/stm32f4xx_it.o
LOAD ./Core/Src/syscalls.o
LOAD ./Core/Src/sysmem.o
LOAD ./Core/Src/system_stm32f4xx.o
LOAD ./Core/Startup/startup_stm32f407vetx.o
LOAD ./Drivers/STM32F4xx_HAL_Driver/Src/stm32f4xx_hal.o
LOAD ./Drivers/STM32F4xx_HAL_Driver/Src/stm32f4xx_hal_adc.o
LOAD ./Drivers/STM32F4xx_HAL_Driver/Src/stm32f4xx_hal_adc_ex.o
LOAD ./Drivers/STM32F4xx_HAL_Driver/Src/stm32f4xx_hal_can.o
LOAD ./Drivers/STM32F4xx_HAL_Driver/Src/stm32f4xx_hal_cortex.o
LOAD ./Drivers/STM32F4xx_HAL_Driver/Src/stm32f4xx_hal_dac.o
LOAD ./Drivers/STM32F4xx_HAL_Driver/Src/stm32f4xx_hal_dac_ex.o
LOAD ./Drivers/STM32F4xx_HAL_Driver/Src/stm32f4xx_hal_dma.o
LOAD ./Drivers/STM32F4xx_HAL_Driver/Src/stm32f4xx_hal_dma_ex.o
LOAD ./Drivers/STM32F4xx_HAL_Driver/Src/stm32f4xx_hal_eth.o
LOAD ./Drivers/STM32F4xx_HAL_Driver/Src/stm32f4xx_hal_exti.o
LOAD ./Drivers/STM32F4xx_HAL_Driver/Src/stm32f4xx_hal_flash.o
LOAD ./Drivers/STM32F4xx_HAL_Driver/Src/stm32f4xx_hal_flash_ex.o
LOAD ./Drivers/STM32F4xx_HAL_Driver/Src/stm32f4xx_hal_flash_ramfunc.o
LOAD ./Drivers/STM32F4xx_HAL_Driver/Src/stm32f4xx_hal_gpio.o
LOAD ./Drivers/STM32F4xx_HAL_Driver/Src/stm32f4xx_hal_i2c.o
LOAD ./Drivers/STM32F4xx_HAL_Driver/Src/stm32f4xx_hal_i2c_ex.o
LOAD ./Drivers/STM32F4xx_HAL_Driver/Src/stm32f4xx_hal_pwr.o
LOAD ./Drivers/STM32F4xx_HAL_Driver/Src/stm32f4xx_hal_pwr_ex.o
LOAD ./Drivers/STM32F4xx_HAL_Driver/Src/stm32f4xx_hal_rcc.o
LOAD ./Drivers/STM32F4xx_HAL_Driver/Src/stm32f4xx_hal_rcc_ex.o
LOAD ./Drivers/STM32F4xx_HAL_Driver/Src/stm32f4xx_hal_tim.o
LOAD ./Drivers/STM32F4xx_HAL_Driver/Src/stm32f4xx_hal_tim_ex.o
LOAD ./Drivers/STM32F4xx_HAL_Driver/Src/stm32f4xx_hal_uart.o
LOAD ./Drivers/STM32F4xx_HAL_Driver/Src/stm32f4xx_ll_adc.o
LOAD ./Middlewares/Third_Party/FreeRTOS/Source/CMSIS_RTOS_V2/cmsis_os2.o
LOAD ./Middlewares/Third_Party/FreeRTOS/Source/croutine.o
LOAD ./Middlewares/Third_Party/FreeRTOS/Source/event_groups.o
LOAD ./Middlewares/Third_Party/FreeRTOS/Source/list.o
LOAD ./Middlewares/Third_Party/FreeRTOS/Source/queue.o
LOAD ./Middlewares/Third_Party/FreeRTOS/Source/stream_buffer.o
LOAD ./Middlewares/Third_Party/FreeRTOS/Source/tasks.o
LOAD ./Middlewares/Third_Party/FreeRTOS/Source/timers.o
LOAD ./Middlewares/Third_Party/FreeRTOS/Source/portable/GCC/ARM_CM4F/port.o
LOAD ./Middlewares/Third_Party/FreeRTOS/Source/portable/MemMang/heap_4.o
START GROUP
LOAD /Applications/STM32CubeIDE.app/Contents/Eclipse/plugins/com.st.stm32cube.ide.mcu.externaltools.gnu-tools-for-stm32.13.3.rel1.macos64_1.0.0.202411102158/tools/bin/../lib/gcc/arm-none-eabi/13.3.1/../../../../arm-none-eabi/lib/thumb/v7e-m+fp/hard/libc_nano.a
LOAD /Applications/STM32CubeIDE.app/Contents/Eclipse/plugins/com.st.stm32cube.ide.mcu.externaltools.gnu-tools-for-stm32.13.3.rel1.macos64_1.0.0.202411102158/tools/bin/../lib/gcc/arm-none-eabi/13.3.1/../../../../arm-none-eabi/lib/thumb/v7e-m+fp/hard/libm.a
END GROUP
START GROUP
LOAD /Applications/STM32CubeIDE.app/Contents/Eclipse/plugins/com.st.stm32cube.ide.mcu.externaltools.gnu-tools-for-stm32.13.3.rel1.macos64_1.0.0.202411102158/tools/bin/../lib/gcc/arm-none-eabi/13.3.1/thumb/v7e-m+fp/hard/libgcc.a
LOAD /Applications/STM32CubeIDE.app/Contents/Eclipse/plugins/com.st.stm32cube.ide.mcu.externaltools.gnu-tools-for-stm32.13.3.rel1.macos64_1.0.0.202411102158/tools/bin/../lib/gcc/arm-none-eabi/13.3.1/../../../../arm-none-eabi/lib/thumb/v7e-m+fp/hard/libc_nano.a
END GROUP
START GROUP
LOAD /Applications/STM32CubeIDE.app/Contents/Eclipse/plugins/com.st.stm32cube.ide.mcu.externaltools.gnu-tools-for-stm32.13.3.rel1.macos64_1.0.0.202411102158/tools/bin/../lib/gcc/arm-none-eabi/13.3.1/thumb/v7e-m+fp/hard/libgcc.a
LOAD /Applications/STM32CubeIDE.app/Contents/Eclipse/plugins/com.st.stm32cube.ide.mcu.externaltools.gnu-tools-for-stm32.13.3.rel1.macos64_1.0.0.202411102158/tools/bin/../lib/gcc/arm-none-eabi/13.3.1/../../../../arm-none-eabi/lib/thumb/v7e-m+fp/hard/libc_nano.a
LOAD /Applications/STM32CubeIDE.app/Contents/Eclipse/plugins/com.st.stm32cube.ide.mcu.externaltools.gnu-tools-for-stm32.13.3.rel1.macos64_1.0.0.202411102158/tools/bin/../lib/gcc/arm-none-eabi/13.3.1/../../../../arm-none-eabi/lib/thumb/v7e-m+fp/hard/libnosys.a
END GROUP
START GROUP
LOAD /Applications/STM32CubeIDE.app/Contents/Eclipse/plugins/com.st.stm32cube.ide.mcu.externaltools.gnu-tools-for-stm32.13.3.rel1.macos64_1.0.0.202411102158/tools/bin/../lib/gcc/arm-none-eabi/13.3.1/thumb/v7e-m+fp/hard/libgcc.a
LOAD /Applications/STM32CubeIDE.app/Contents/Eclipse/plugins/com.st.stm32cube.ide.mcu.externaltools.gnu-tools-for-stm32.13.3.rel1.macos64_1.0.0.202411102158/tools/bin/../lib/gcc/arm-none-eabi/13.3.1/../../../../arm-none-eabi/lib/thumb/v7e-m+fp/hard/libc_nano.a
LOAD /Applications/STM32CubeIDE.app/Contents/Eclipse/plugins/com.st.stm32cube.ide.mcu.externaltools.gnu-tools-for-stm32.13.3.rel1.macos64_1.0.0.202411102158/tools/bin/../lib/gcc/arm-none-eabi/13.3.1/../../../../arm-none-eabi/lib/thumb/v7e-m+fp/hard/libnosys.a
END GROUP
LOAD /Applications/STM32CubeIDE.app/Contents/Eclipse/plugins/com.st.stm32cube.ide.mcu.externaltools.gnu-tools-for-stm32.13.3.rel1.macos64_1.0.0.202411102158/tools/bin/../lib/gcc/arm-none-eabi/13.3.1/thumb/v7e-m+fp/hard/crtend.o
LOAD /Applications/STM32CubeIDE.app/Contents/Eclipse/plugins/com.st.stm32cube.ide.mcu.externaltools.gnu-tools-for-stm32.13.3.rel1.macos64_1.0.0.202411102158/tools/bin/../lib/gcc/arm-none-eabi/13.3.1/thumb/v7e-m+fp/hard/crtn.o
                0x20020000                        _estack = (ORIGIN (RAM) + LENGTH (RAM))
                0x00000200                        _Min_Heap_Size = 0x200
                0x00000400                        _Min_Stack_Size = 0x400

.isr_vector     0x08000000      0x188
                0x08000000                        . = ALIGN (0x4)
 *(.isr_vector)
 .isr_vector    0x08000000      0x188 ./Core/Startup/startup_stm32f407vetx.o
                0x08000000                g_pfnVectors
                0x08000188                        . = ALIGN (0x4)

.text           0x08000190     0xa3d0
                0x08000190                        . = ALIGN (0x4)
 *(.text)
 .text          0x08000190       0x40 /Applications/STM32CubeIDE.app/Contents/Eclipse/plugins/com.st.stm32cube.ide.mcu.externaltools.gnu-tools-for-stm32.13.3.rel1.macos64_1.0.0.202411102158/tools/bin/../lib/gcc/arm-none-eabi/13.3.1/thumb/v7e-m+fp/hard/crtbegin.o
 .text          0x080001d0       0x30 /Applications/STM32CubeIDE.app/Contents/Eclipse/plugins/com.st.stm32cube.ide.mcu.externaltools.gnu-tools-for-stm32.13.3.rel1.macos64_1.0.0.202411102158/tools/bin/../lib/gcc/arm-none-eabi/13.3.1/thumb/v7e-m+fp/hard/libgcc.a(_aeabi_uldivmod.o)
                0x080001d0                __aeabi_uldivmod
 .text          0x08000200      0x2f8 /Applications/STM32CubeIDE.app/Contents/Eclipse/plugins/com.st.stm32cube.ide.mcu.externaltools.gnu-tools-for-stm32.13.3.rel1.macos64_1.0.0.202411102158/tools/bin/../lib/gcc/arm-none-eabi/13.3.1/thumb/v7e-m+fp/hard/libgcc.a(_udivmoddi4.o)
                0x08000200                __udivmoddi4
 .text          0x080004f8        0x4 /Applications/STM32CubeIDE.app/Contents/Eclipse/plugins/com.st.stm32cube.ide.mcu.externaltools.gnu-tools-for-stm32.13.3.rel1.macos64_1.0.0.202411102158/tools/bin/../lib/gcc/arm-none-eabi/13.3.1/thumb/v7e-m+fp/hard/libgcc.a(_dvmd_tls.o)
                0x080004f8                __aeabi_ldiv0
                0x080004f8                __aeabi_idiv0
 *(.text*)
 .text.CAN_Bus_Init
                0x080004fc      0x17c ./Components/Src/CAN.o
                0x080004fc                CAN_Bus_Init
 .text.HAL_CAN_RxFifo0MsgPendingCallback
                0x08000678       0x64 ./Components/Src/CAN.o
                0x08000678                HAL_CAN_RxFifo0MsgPendingCallback
 .text.RS485_Init
                0x080006dc       0xa8 ./Components/Src/RS485.o
                0x080006dc                RS485_Init
 .text.HAL_UART_TxCpltCallback
                0x08000784       0x48 ./Components/Src/RS485.o
                0x08000784                HAL_UART_TxCpltCallback
 .text.HAL_UART_RxCpltCallback
                0x080007cc       0x34 ./Components/Src/RS485.o
                0x080007cc                HAL_UART_RxCpltCallback
 .text.Analog_Init
                0x08000800       0x30 ./Components/Src/analog.o
                0x08000800                Analog_Init
 .text.Led_Blink
                0x08000830       0x5c ./Components/Src/led.o
                0x08000830                Led_Blink
 .text.main     0x0800088c       0xa0 ./Core/Src/main.o
                0x0800088c                main
 .text.SystemClock_Config
                0x0800092c       0xd4 ./Core/Src/main.o
                0x0800092c                SystemClock_Config
 .text.MX_ADC1_Init
                0x08000a00       0xf8 ./Core/Src/main.o
 .text.MX_CAN1_Init
                0x08000af8        0xe ./Core/Src/main.o
 *fill*         0x08000b06        0x2 
 .text.MX_DAC_Init
                0x08000b08       0x68 ./Core/Src/main.o
 .text.MX_ETH_Init
                0x08000b70       0x9c ./Core/Src/main.o
 .text.MX_I2C1_Init
                0x08000c0c       0x5c ./Core/Src/main.o
 .text.MX_TIM1_Init
                0x08000c68       0xac ./Core/Src/main.o
 .text.MX_TIM2_Init
                0x08000d14       0xa4 ./Core/Src/main.o
 .text.MX_TIM3_Init
                0x08000db8       0xa8 ./Core/Src/main.o
 .text.MX_TIM5_Init
                0x08000e60       0xa8 ./Core/Src/main.o
 .text.MX_TIM8_Init
                0x08000f08      0x14c ./Core/Src/main.o
 .text.MX_TIM9_Init
                0x08001054       0xa0 ./Core/Src/main.o
 .text.MX_UART4_Init
                0x080010f4        0xe ./Core/Src/main.o
 *fill*         0x08001102        0x2 
 .text.MX_DMA_Init
                0x08001104       0x7c ./Core/Src/main.o
 .text.MX_GPIO_Init
                0x08001180      0x150 ./Core/Src/main.o
 .text.StartDefaultTask
                0x080012d0       0x10 ./Core/Src/main.o
                0x080012d0                StartDefaultTask
 .text.HAL_TIM_PeriodElapsedCallback
                0x080012e0       0x24 ./Core/Src/main.o
                0x080012e0                HAL_TIM_PeriodElapsedCallback
 .text.Error_Handler
                0x08001304        0xc ./Core/Src/main.o
                0x08001304                Error_Handler
 .text.HAL_MspInit
                0x08001310       0x58 ./Core/Src/stm32f4xx_hal_msp.o
                0x08001310                HAL_MspInit
 .text.HAL_ADC_MspInit
                0x08001368      0x128 ./Core/Src/stm32f4xx_hal_msp.o
                0x08001368                HAL_ADC_MspInit
 .text.HAL_CAN_MspInit
                0x08001490       0xd0 ./Core/Src/stm32f4xx_hal_msp.o
                0x08001490                HAL_CAN_MspInit
 .text.HAL_DAC_MspInit
                0x08001560       0x98 ./Core/Src/stm32f4xx_hal_msp.o
                0x08001560                HAL_DAC_MspInit
 .text.HAL_ETH_MspInit
                0x080015f8      0x14c ./Core/Src/stm32f4xx_hal_msp.o
                0x080015f8                HAL_ETH_MspInit
 .text.HAL_I2C_MspInit
                0x08001744       0x90 ./Core/Src/stm32f4xx_hal_msp.o
                0x08001744                HAL_I2C_MspInit
 .text.HAL_TIM_Base_MspInit
                0x080017d4      0x1c8 ./Core/Src/stm32f4xx_hal_msp.o
                0x080017d4                HAL_TIM_Base_MspInit
 .text.HAL_TIM_PWM_MspInit
                0x0800199c       0x70 ./Core/Src/stm32f4xx_hal_msp.o
                0x0800199c                HAL_TIM_PWM_MspInit
 .text.HAL_TIM_MspPostInit
                0x08001a0c       0xc4 ./Core/Src/stm32f4xx_hal_msp.o
                0x08001a0c                HAL_TIM_MspPostInit
 .text.HAL_UART_MspInit
                0x08001ad0      0x16c ./Core/Src/stm32f4xx_hal_msp.o
                0x08001ad0                HAL_UART_MspInit
 .text.HAL_InitTick
                0x08001c3c       0xf8 ./Core/Src/stm32f4xx_hal_timebase_tim.o
                0x08001c3c                HAL_InitTick
 .text.NMI_Handler
                0x08001d34        0x8 ./Core/Src/stm32f4xx_it.o
                0x08001d34                NMI_Handler
 .text.HardFault_Handler
                0x08001d3c        0x8 ./Core/Src/stm32f4xx_it.o
                0x08001d3c                HardFault_Handler
 .text.MemManage_Handler
                0x08001d44        0x8 ./Core/Src/stm32f4xx_it.o
                0x08001d44                MemManage_Handler
 .text.BusFault_Handler
                0x08001d4c        0x8 ./Core/Src/stm32f4xx_it.o
                0x08001d4c                BusFault_Handler
 .text.UsageFault_Handler
                0x08001d54        0x8 ./Core/Src/stm32f4xx_it.o
                0x08001d54                UsageFault_Handler
 .text.DebugMon_Handler
                0x08001d5c        0xe ./Core/Src/stm32f4xx_it.o
                0x08001d5c                DebugMon_Handler
 *fill*         0x08001d6a        0x2 
 .text.DMA1_Stream2_IRQHandler
                0x08001d6c       0x14 ./Core/Src/stm32f4xx_it.o
                0x08001d6c                DMA1_Stream2_IRQHandler
 .text.DMA1_Stream4_IRQHandler
                0x08001d80       0x14 ./Core/Src/stm32f4xx_it.o
                0x08001d80                DMA1_Stream4_IRQHandler
 .text.CAN1_TX_IRQHandler
                0x08001d94       0x14 ./Core/Src/stm32f4xx_it.o
                0x08001d94                CAN1_TX_IRQHandler
 .text.CAN1_RX0_IRQHandler
                0x08001da8       0x14 ./Core/Src/stm32f4xx_it.o
                0x08001da8                CAN1_RX0_IRQHandler
 .text.CAN1_RX1_IRQHandler
                0x08001dbc       0x14 ./Core/Src/stm32f4xx_it.o
                0x08001dbc                CAN1_RX1_IRQHandler
 .text.CAN1_SCE_IRQHandler
                0x08001dd0       0x14 ./Core/Src/stm32f4xx_it.o
                0x08001dd0                CAN1_SCE_IRQHandler
 .text.UART4_IRQHandler
                0x08001de4       0x14 ./Core/Src/stm32f4xx_it.o
                0x08001de4                UART4_IRQHandler
 .text.TIM6_DAC_IRQHandler
                0x08001df8       0x28 ./Core/Src/stm32f4xx_it.o
                0x08001df8                TIM6_DAC_IRQHandler
 .text.DMA2_Stream0_IRQHandler
                0x08001e20       0x14 ./Core/Src/stm32f4xx_it.o
                0x08001e20                DMA2_Stream0_IRQHandler
 .text.SystemInit
                0x08001e34       0x24 ./Core/Src/system_stm32f4xx.o
                0x08001e34                SystemInit
 .text.Reset_Handler
                0x08001e58       0x50 ./Core/Startup/startup_stm32f407vetx.o
                0x08001e58                Reset_Handler
 .text.Default_Handler
                0x08001ea8        0x2 ./Core/Startup/startup_stm32f407vetx.o
                0x08001ea8                DMA1_Stream3_IRQHandler
                0x08001ea8                HASH_RNG_IRQHandler
                0x08001ea8                EXTI2_IRQHandler
                0x08001ea8                TIM8_CC_IRQHandler
                0x08001ea8                TIM1_CC_IRQHandler
                0x08001ea8                DMA2_Stream5_IRQHandler
                0x08001ea8                DMA1_Stream5_IRQHandler
                0x08001ea8                PVD_IRQHandler
                0x08001ea8                SDIO_IRQHandler
                0x08001ea8                TAMP_STAMP_IRQHandler
                0x08001ea8                CAN2_RX1_IRQHandler
                0x08001ea8                EXTI3_IRQHandler
                0x08001ea8                TIM8_TRG_COM_TIM14_IRQHandler
                0x08001ea8                TIM1_UP_TIM10_IRQHandler
                0x08001ea8                TIM8_UP_TIM13_IRQHandler
                0x08001ea8                I2C3_ER_IRQHandler
                0x08001ea8                EXTI0_IRQHandler
                0x08001ea8                I2C2_EV_IRQHandler
                0x08001ea8                FPU_IRQHandler
                0x08001ea8                OTG_HS_WKUP_IRQHandler
                0x08001ea8                CAN2_SCE_IRQHandler
                0x08001ea8                DMA2_Stream2_IRQHandler
                0x08001ea8                SPI1_IRQHandler
                0x08001ea8                TIM1_BRK_TIM9_IRQHandler
                0x08001ea8                DCMI_IRQHandler
                0x08001ea8                CAN2_RX0_IRQHandler
                0x08001ea8                DMA2_Stream3_IRQHandler
                0x08001ea8                USART6_IRQHandler
                0x08001ea8                USART3_IRQHandler
                0x08001ea8                UART5_IRQHandler
                0x08001ea8                TIM4_IRQHandler
                0x08001ea8                I2C1_EV_IRQHandler
                0x08001ea8                DMA1_Stream6_IRQHandler
                0x08001ea8                DMA1_Stream1_IRQHandler
                0x08001ea8                TIM3_IRQHandler
                0x08001ea8                RCC_IRQHandler
                0x08001ea8                TIM8_BRK_TIM12_IRQHandler
                0x08001ea8                Default_Handler
                0x08001ea8                EXTI15_10_IRQHandler
                0x08001ea8                ADC_IRQHandler
                0x08001ea8                DMA1_Stream7_IRQHandler
                0x08001ea8                TIM7_IRQHandler
                0x08001ea8                CAN2_TX_IRQHandler
                0x08001ea8                TIM5_IRQHandler
                0x08001ea8                DMA2_Stream7_IRQHandler
                0x08001ea8                I2C3_EV_IRQHandler
                0x08001ea8                EXTI9_5_IRQHandler
                0x08001ea8                RTC_WKUP_IRQHandler
                0x08001ea8                ETH_WKUP_IRQHandler
                0x08001ea8                SPI2_IRQHandler
                0x08001ea8                OTG_HS_EP1_IN_IRQHandler
                0x08001ea8                DMA1_Stream0_IRQHandler
                0x08001ea8                EXTI4_IRQHandler
                0x08001ea8                FSMC_IRQHandler
                0x08001ea8                ETH_IRQHandler
                0x08001ea8                OTG_HS_EP1_OUT_IRQHandler
                0x08001ea8                WWDG_IRQHandler
                0x08001ea8                TIM2_IRQHandler
                0x08001ea8                OTG_FS_WKUP_IRQHandler
                0x08001ea8                TIM1_TRG_COM_TIM11_IRQHandler
                0x08001ea8                OTG_HS_IRQHandler
                0x08001ea8                EXTI1_IRQHandler
                0x08001ea8                USART2_IRQHandler
                0x08001ea8                I2C2_ER_IRQHandler
                0x08001ea8                DMA2_Stream1_IRQHandler
                0x08001ea8                FLASH_IRQHandler
                0x08001ea8                DMA2_Stream4_IRQHandler
                0x08001ea8                USART1_IRQHandler
                0x08001ea8                OTG_FS_IRQHandler
                0x08001ea8                SPI3_IRQHandler
                0x08001ea8                I2C1_ER_IRQHandler
                0x08001ea8                DMA2_Stream6_IRQHandler
                0x08001ea8                RTC_Alarm_IRQHandler
 *fill*         0x08001eaa        0x2 
 .text.HAL_Init
                0x08001eac       0x44 ./Drivers/STM32F4xx_HAL_Driver/Src/stm32f4xx_hal.o
                0x08001eac                HAL_Init
 .text.HAL_IncTick
                0x08001ef0       0x28 ./Drivers/STM32F4xx_HAL_Driver/Src/stm32f4xx_hal.o
                0x08001ef0                HAL_IncTick
 .text.HAL_GetTick
                0x08001f18       0x18 ./Drivers/STM32F4xx_HAL_Driver/Src/stm32f4xx_hal.o
                0x08001f18                HAL_GetTick
 .text.HAL_Delay
                0x08001f30       0x48 ./Drivers/STM32F4xx_HAL_Driver/Src/stm32f4xx_hal.o
                0x08001f30                HAL_Delay
 .text.HAL_ADC_Init
                0x08001f78       0x86 ./Drivers/STM32F4xx_HAL_Driver/Src/stm32f4xx_hal_adc.o
                0x08001f78                HAL_ADC_Init
 *fill*         0x08001ffe        0x2 
 .text.HAL_ADC_Start_DMA
                0x08002000      0x228 ./Drivers/STM32F4xx_HAL_Driver/Src/stm32f4xx_hal_adc.o
                0x08002000                HAL_ADC_Start_DMA
 .text.HAL_ADC_ConvCpltCallback
                0x08002228       0x14 ./Drivers/STM32F4xx_HAL_Driver/Src/stm32f4xx_hal_adc.o
                0x08002228                HAL_ADC_ConvCpltCallback
 .text.HAL_ADC_ConvHalfCpltCallback
                0x0800223c       0x14 ./Drivers/STM32F4xx_HAL_Driver/Src/stm32f4xx_hal_adc.o
                0x0800223c                HAL_ADC_ConvHalfCpltCallback
 .text.HAL_ADC_ErrorCallback
                0x08002250       0x14 ./Drivers/STM32F4xx_HAL_Driver/Src/stm32f4xx_hal_adc.o
                0x08002250                HAL_ADC_ErrorCallback
 .text.HAL_ADC_ConfigChannel
                0x08002264      0x244 ./Drivers/STM32F4xx_HAL_Driver/Src/stm32f4xx_hal_adc.o
                0x08002264                HAL_ADC_ConfigChannel
 .text.ADC_Init
                0x080024a8      0x1f8 ./Drivers/STM32F4xx_HAL_Driver/Src/stm32f4xx_hal_adc.o
 .text.ADC_DMAConvCplt
                0x080026a0       0xba ./Drivers/STM32F4xx_HAL_Driver/Src/stm32f4xx_hal_adc.o
 .text.ADC_DMAHalfConvCplt
                0x0800275a       0x1c ./Drivers/STM32F4xx_HAL_Driver/Src/stm32f4xx_hal_adc.o
 .text.ADC_DMAError
                0x08002776       0x2e ./Drivers/STM32F4xx_HAL_Driver/Src/stm32f4xx_hal_adc.o
 .text.HAL_CAN_Init
                0x080027a4      0x1f6 ./Drivers/STM32F4xx_HAL_Driver/Src/stm32f4xx_hal_can.o
                0x080027a4                HAL_CAN_Init
 *fill*         0x0800299a        0x2 
 .text.HAL_CAN_ConfigFilter
                0x0800299c      0x1bc ./Drivers/STM32F4xx_HAL_Driver/Src/stm32f4xx_hal_can.o
                0x0800299c                HAL_CAN_ConfigFilter
 .text.HAL_CAN_Start
                0x08002b58       0x88 ./Drivers/STM32F4xx_HAL_Driver/Src/stm32f4xx_hal_can.o
                0x08002b58                HAL_CAN_Start
 .text.HAL_CAN_GetRxMessage
                0x08002be0      0x244 ./Drivers/STM32F4xx_HAL_Driver/Src/stm32f4xx_hal_can.o
                0x08002be0                HAL_CAN_GetRxMessage
 .text.HAL_CAN_ActivateNotification
                0x08002e24       0x4c ./Drivers/STM32F4xx_HAL_Driver/Src/stm32f4xx_hal_can.o
                0x08002e24                HAL_CAN_ActivateNotification
 .text.HAL_CAN_IRQHandler
                0x08002e70      0x36e ./Drivers/STM32F4xx_HAL_Driver/Src/stm32f4xx_hal_can.o
                0x08002e70                HAL_CAN_IRQHandler
 .text.HAL_CAN_TxMailbox0CompleteCallback
                0x080031de       0x14 ./Drivers/STM32F4xx_HAL_Driver/Src/stm32f4xx_hal_can.o
                0x080031de                HAL_CAN_TxMailbox0CompleteCallback
 .text.HAL_CAN_TxMailbox1CompleteCallback
                0x080031f2       0x14 ./Drivers/STM32F4xx_HAL_Driver/Src/stm32f4xx_hal_can.o
                0x080031f2                HAL_CAN_TxMailbox1CompleteCallback
 .text.HAL_CAN_TxMailbox2CompleteCallback
                0x08003206       0x14 ./Drivers/STM32F4xx_HAL_Driver/Src/stm32f4xx_hal_can.o
                0x08003206                HAL_CAN_TxMailbox2CompleteCallback
 .text.HAL_CAN_TxMailbox0AbortCallback
                0x0800321a       0x14 ./Drivers/STM32F4xx_HAL_Driver/Src/stm32f4xx_hal_can.o
                0x0800321a                HAL_CAN_TxMailbox0AbortCallback
 .text.HAL_CAN_TxMailbox1AbortCallback
                0x0800322e       0x14 ./Drivers/STM32F4xx_HAL_Driver/Src/stm32f4xx_hal_can.o
                0x0800322e                HAL_CAN_TxMailbox1AbortCallback
 .text.HAL_CAN_TxMailbox2AbortCallback
                0x08003242       0x14 ./Drivers/STM32F4xx_HAL_Driver/Src/stm32f4xx_hal_can.o
                0x08003242                HAL_CAN_TxMailbox2AbortCallback
 .text.HAL_CAN_RxFifo0FullCallback
                0x08003256       0x14 ./Drivers/STM32F4xx_HAL_Driver/Src/stm32f4xx_hal_can.o
                0x08003256                HAL_CAN_RxFifo0FullCallback
 .text.HAL_CAN_RxFifo1MsgPendingCallback
                0x0800326a       0x14 ./Drivers/STM32F4xx_HAL_Driver/Src/stm32f4xx_hal_can.o
                0x0800326a                HAL_CAN_RxFifo1MsgPendingCallback
 .text.HAL_CAN_RxFifo1FullCallback
                0x0800327e       0x14 ./Drivers/STM32F4xx_HAL_Driver/Src/stm32f4xx_hal_can.o
                0x0800327e                HAL_CAN_RxFifo1FullCallback
 .text.HAL_CAN_SleepCallback
                0x08003292       0x14 ./Drivers/STM32F4xx_HAL_Driver/Src/stm32f4xx_hal_can.o
                0x08003292                HAL_CAN_SleepCallback
 .text.HAL_CAN_WakeUpFromRxMsgCallback
                0x080032a6       0x14 ./Drivers/STM32F4xx_HAL_Driver/Src/stm32f4xx_hal_can.o
                0x080032a6                HAL_CAN_WakeUpFromRxMsgCallback
 .text.HAL_CAN_ErrorCallback
                0x080032ba       0x14 ./Drivers/STM32F4xx_HAL_Driver/Src/stm32f4xx_hal_can.o
                0x080032ba                HAL_CAN_ErrorCallback
 *fill*         0x080032ce        0x2 
 .text.__NVIC_SetPriorityGrouping
                0x080032d0       0x48 ./Drivers/STM32F4xx_HAL_Driver/Src/stm32f4xx_hal_cortex.o
 .text.__NVIC_GetPriorityGrouping
                0x08003318       0x1c ./Drivers/STM32F4xx_HAL_Driver/Src/stm32f4xx_hal_cortex.o
 .text.__NVIC_EnableIRQ
                0x08003334       0x3c ./Drivers/STM32F4xx_HAL_Driver/Src/stm32f4xx_hal_cortex.o
 .text.__NVIC_SetPriority
                0x08003370       0x54 ./Drivers/STM32F4xx_HAL_Driver/Src/stm32f4xx_hal_cortex.o
 .text.NVIC_EncodePriority
                0x080033c4       0x66 ./Drivers/STM32F4xx_HAL_Driver/Src/stm32f4xx_hal_cortex.o
 .text.HAL_NVIC_SetPriorityGrouping
                0x0800342a       0x16 ./Drivers/STM32F4xx_HAL_Driver/Src/stm32f4xx_hal_cortex.o
                0x0800342a                HAL_NVIC_SetPriorityGrouping
 .text.HAL_NVIC_SetPriority
                0x08003440       0x38 ./Drivers/STM32F4xx_HAL_Driver/Src/stm32f4xx_hal_cortex.o
                0x08003440                HAL_NVIC_SetPriority
 .text.HAL_NVIC_EnableIRQ
                0x08003478       0x1c ./Drivers/STM32F4xx_HAL_Driver/Src/stm32f4xx_hal_cortex.o
                0x08003478                HAL_NVIC_EnableIRQ
 .text.HAL_DAC_Init
                0x08003494       0x44 ./Drivers/STM32F4xx_HAL_Driver/Src/stm32f4xx_hal_dac.o
                0x08003494                HAL_DAC_Init
 .text.HAL_DAC_IRQHandler
                0x080034d8       0xac ./Drivers/STM32F4xx_HAL_Driver/Src/stm32f4xx_hal_dac.o
                0x080034d8                HAL_DAC_IRQHandler
 .text.HAL_DAC_DMAUnderrunCallbackCh1
                0x08003584       0x14 ./Drivers/STM32F4xx_HAL_Driver/Src/stm32f4xx_hal_dac.o
                0x08003584                HAL_DAC_DMAUnderrunCallbackCh1
 .text.HAL_DAC_ConfigChannel
                0x08003598       0xb2 ./Drivers/STM32F4xx_HAL_Driver/Src/stm32f4xx_hal_dac.o
                0x08003598                HAL_DAC_ConfigChannel
 .text.HAL_DACEx_DMAUnderrunCallbackCh2
                0x0800364a       0x14 ./Drivers/STM32F4xx_HAL_Driver/Src/stm32f4xx_hal_dac_ex.o
                0x0800364a                HAL_DACEx_DMAUnderrunCallbackCh2
 *fill*         0x0800365e        0x2 
 .text.HAL_DMA_Init
                0x08003660      0x15c ./Drivers/STM32F4xx_HAL_Driver/Src/stm32f4xx_hal_dma.o
                0x08003660                HAL_DMA_Init
 .text.HAL_DMA_Start_IT
                0x080037bc       0xb0 ./Drivers/STM32F4xx_HAL_Driver/Src/stm32f4xx_hal_dma.o
                0x080037bc                HAL_DMA_Start_IT
 .text.HAL_DMA_Abort
                0x0800386c       0xe0 ./Drivers/STM32F4xx_HAL_Driver/Src/stm32f4xx_hal_dma.o
                0x0800386c                HAL_DMA_Abort
 .text.HAL_DMA_Abort_IT
                0x0800394c       0x44 ./Drivers/STM32F4xx_HAL_Driver/Src/stm32f4xx_hal_dma.o
                0x0800394c                HAL_DMA_Abort_IT
 .text.HAL_DMA_IRQHandler
                0x08003990      0x314 ./Drivers/STM32F4xx_HAL_Driver/Src/stm32f4xx_hal_dma.o
                0x08003990                HAL_DMA_IRQHandler
 .text.DMA_SetConfig
                0x08003ca4       0x5c ./Drivers/STM32F4xx_HAL_Driver/Src/stm32f4xx_hal_dma.o
 .text.DMA_CalcBaseAndBitshift
                0x08003d00       0x6c ./Drivers/STM32F4xx_HAL_Driver/Src/stm32f4xx_hal_dma.o
 .text.DMA_CheckFifoParam
                0x08003d6c       0xf8 ./Drivers/STM32F4xx_HAL_Driver/Src/stm32f4xx_hal_dma.o
 .text.HAL_ETH_Init
                0x08003e64      0x138 ./Drivers/STM32F4xx_HAL_Driver/Src/stm32f4xx_hal_eth.o
                0x08003e64                HAL_ETH_Init
 .text.ETH_SetMACConfig
                0x08003f9c      0x168 ./Drivers/STM32F4xx_HAL_Driver/Src/stm32f4xx_hal_eth.o
 .text.ETH_SetDMAConfig
                0x08004104      0x114 ./Drivers/STM32F4xx_HAL_Driver/Src/stm32f4xx_hal_eth.o
 .text.ETH_MACDMAConfig
                0x08004218       0xea ./Drivers/STM32F4xx_HAL_Driver/Src/stm32f4xx_hal_eth.o
 *fill*         0x08004302        0x2 
 .text.ETH_MACAddressConfig
                0x08004304       0x70 ./Drivers/STM32F4xx_HAL_Driver/Src/stm32f4xx_hal_eth.o
 .text.ETH_DMATxDescListInit
                0x08004374       0xb2 ./Drivers/STM32F4xx_HAL_Driver/Src/stm32f4xx_hal_eth.o
 .text.ETH_DMARxDescListInit
                0x08004426       0xde ./Drivers/STM32F4xx_HAL_Driver/Src/stm32f4xx_hal_eth.o
 .text.HAL_GPIO_Init
                0x08004504      0x338 ./Drivers/STM32F4xx_HAL_Driver/Src/stm32f4xx_hal_gpio.o
                0x08004504                HAL_GPIO_Init
 .text.HAL_GPIO_WritePin
                0x0800483c       0x32 ./Drivers/STM32F4xx_HAL_Driver/Src/stm32f4xx_hal_gpio.o
                0x0800483c                HAL_GPIO_WritePin
 *fill*         0x0800486e        0x2 
 .text.HAL_I2C_Init
                0x08004870      0x288 ./Drivers/STM32F4xx_HAL_Driver/Src/stm32f4xx_hal_i2c.o
                0x08004870                HAL_I2C_Init
 .text.HAL_RCC_OscConfig
                0x08004af8      0x4f0 ./Drivers/STM32F4xx_HAL_Driver/Src/stm32f4xx_hal_rcc.o
                0x08004af8                HAL_RCC_OscConfig
 .text.HAL_RCC_ClockConfig
                0x08004fe8      0x1cc ./Drivers/STM32F4xx_HAL_Driver/Src/stm32f4xx_hal_rcc.o
                0x08004fe8                HAL_RCC_ClockConfig
 .text.HAL_RCC_GetSysClockFreq
                0x080051b4      0x18c ./Drivers/STM32F4xx_HAL_Driver/Src/stm32f4xx_hal_rcc.o
                0x080051b4                HAL_RCC_GetSysClockFreq
 .text.HAL_RCC_GetHCLKFreq
                0x08005340       0x18 ./Drivers/STM32F4xx_HAL_Driver/Src/stm32f4xx_hal_rcc.o
                0x08005340                HAL_RCC_GetHCLKFreq
 .text.HAL_RCC_GetPCLK1Freq
                0x08005358       0x28 ./Drivers/STM32F4xx_HAL_Driver/Src/stm32f4xx_hal_rcc.o
                0x08005358                HAL_RCC_GetPCLK1Freq
 .text.HAL_RCC_GetPCLK2Freq
                0x08005380       0x28 ./Drivers/STM32F4xx_HAL_Driver/Src/stm32f4xx_hal_rcc.o
                0x08005380                HAL_RCC_GetPCLK2Freq
 .text.HAL_RCC_GetClockConfig
                0x080053a8       0x64 ./Drivers/STM32F4xx_HAL_Driver/Src/stm32f4xx_hal_rcc.o
                0x080053a8                HAL_RCC_GetClockConfig
 .text.HAL_TIM_Base_Init
                0x0800540c       0x9e ./Drivers/STM32F4xx_HAL_Driver/Src/stm32f4xx_hal_tim.o
                0x0800540c                HAL_TIM_Base_Init
 *fill*         0x080054aa        0x2 
 .text.HAL_TIM_Base_Start_IT
                0x080054ac       0xe0 ./Drivers/STM32F4xx_HAL_Driver/Src/stm32f4xx_hal_tim.o
                0x080054ac                HAL_TIM_Base_Start_IT
 .text.HAL_TIM_PWM_Init
                0x0800558c       0x9e ./Drivers/STM32F4xx_HAL_Driver/Src/stm32f4xx_hal_tim.o
                0x0800558c                HAL_TIM_PWM_Init
 .text.HAL_TIM_IRQHandler
                0x0800562a      0x1e0 ./Drivers/STM32F4xx_HAL_Driver/Src/stm32f4xx_hal_tim.o
                0x0800562a                HAL_TIM_IRQHandler
 *fill*         0x0800580a        0x2 
 .text.HAL_TIM_PWM_ConfigChannel
                0x0800580c      0x184 ./Drivers/STM32F4xx_HAL_Driver/Src/stm32f4xx_hal_tim.o
                0x0800580c                HAL_TIM_PWM_ConfigChannel
 .text.HAL_TIM_SlaveConfigSynchro
                0x08005990       0x84 ./Drivers/STM32F4xx_HAL_Driver/Src/stm32f4xx_hal_tim.o
                0x08005990                HAL_TIM_SlaveConfigSynchro
 .text.HAL_TIM_OC_DelayElapsedCallback
                0x08005a14       0x14 ./Drivers/STM32F4xx_HAL_Driver/Src/stm32f4xx_hal_tim.o
                0x08005a14                HAL_TIM_OC_DelayElapsedCallback
 .text.HAL_TIM_IC_CaptureCallback
                0x08005a28       0x14 ./Drivers/STM32F4xx_HAL_Driver/Src/stm32f4xx_hal_tim.o
                0x08005a28                HAL_TIM_IC_CaptureCallback
 .text.HAL_TIM_PWM_PulseFinishedCallback
                0x08005a3c       0x14 ./Drivers/STM32F4xx_HAL_Driver/Src/stm32f4xx_hal_tim.o
                0x08005a3c                HAL_TIM_PWM_PulseFinishedCallback
 .text.HAL_TIM_TriggerCallback
                0x08005a50       0x14 ./Drivers/STM32F4xx_HAL_Driver/Src/stm32f4xx_hal_tim.o
                0x08005a50                HAL_TIM_TriggerCallback
 .text.TIM_Base_SetConfig
                0x08005a64      0x14c ./Drivers/STM32F4xx_HAL_Driver/Src/stm32f4xx_hal_tim.o
                0x08005a64                TIM_Base_SetConfig
 .text.TIM_OC1_SetConfig
                0x08005bb0       0xe0 ./Drivers/STM32F4xx_HAL_Driver/Src/stm32f4xx_hal_tim.o
 .text.TIM_OC2_SetConfig
                0x08005c90       0xec ./Drivers/STM32F4xx_HAL_Driver/Src/stm32f4xx_hal_tim.o
                0x08005c90                TIM_OC2_SetConfig
 .text.TIM_OC3_SetConfig
                0x08005d7c       0xe8 ./Drivers/STM32F4xx_HAL_Driver/Src/stm32f4xx_hal_tim.o
 .text.TIM_OC4_SetConfig
                0x08005e64       0xac ./Drivers/STM32F4xx_HAL_Driver/Src/stm32f4xx_hal_tim.o
 .text.TIM_SlaveTimer_SetConfig
                0x08005f10      0x122 ./Drivers/STM32F4xx_HAL_Driver/Src/stm32f4xx_hal_tim.o
 .text.TIM_TI1_ConfigInputStage
                0x08006032       0x5e ./Drivers/STM32F4xx_HAL_Driver/Src/stm32f4xx_hal_tim.o
 .text.TIM_TI2_ConfigInputStage
                0x08006090       0x60 ./Drivers/STM32F4xx_HAL_Driver/Src/stm32f4xx_hal_tim.o
 .text.TIM_ETR_SetConfig
                0x080060f0       0x40 ./Drivers/STM32F4xx_HAL_Driver/Src/stm32f4xx_hal_tim.o
                0x080060f0                TIM_ETR_SetConfig
 .text.HAL_TIMEx_MasterConfigSynchronization
                0x08006130       0xf8 ./Drivers/STM32F4xx_HAL_Driver/Src/stm32f4xx_hal_tim_ex.o
                0x08006130                HAL_TIMEx_MasterConfigSynchronization
 .text.HAL_TIMEx_ConfigBreakDeadTime
                0x08006228       0xa4 ./Drivers/STM32F4xx_HAL_Driver/Src/stm32f4xx_hal_tim_ex.o
                0x08006228                HAL_TIMEx_ConfigBreakDeadTime
 .text.HAL_TIMEx_CommutCallback
                0x080062cc       0x14 ./Drivers/STM32F4xx_HAL_Driver/Src/stm32f4xx_hal_tim_ex.o
                0x080062cc                HAL_TIMEx_CommutCallback
 .text.HAL_TIMEx_BreakCallback
                0x080062e0       0x14 ./Drivers/STM32F4xx_HAL_Driver/Src/stm32f4xx_hal_tim_ex.o
                0x080062e0                HAL_TIMEx_BreakCallback
 .text.HAL_UART_Init
                0x080062f4       0xa0 ./Drivers/STM32F4xx_HAL_Driver/Src/stm32f4xx_hal_uart.o
                0x080062f4                HAL_UART_Init
 .text.HAL_UART_IRQHandler
                0x08006394      0x554 ./Drivers/STM32F4xx_HAL_Driver/Src/stm32f4xx_hal_uart.o
                0x08006394                HAL_UART_IRQHandler
 .text.HAL_UART_ErrorCallback
                0x080068e8       0x14 ./Drivers/STM32F4xx_HAL_Driver/Src/stm32f4xx_hal_uart.o
                0x080068e8                HAL_UART_ErrorCallback
 .text.HAL_UARTEx_RxEventCallback
                0x080068fc       0x18 ./Drivers/STM32F4xx_HAL_Driver/Src/stm32f4xx_hal_uart.o
                0x080068fc                HAL_UARTEx_RxEventCallback
 .text.UART_EndRxTransfer
                0x08006914       0xc6 ./Drivers/STM32F4xx_HAL_Driver/Src/stm32f4xx_hal_uart.o
 .text.UART_DMAAbortOnError
                0x080069da       0x22 ./Drivers/STM32F4xx_HAL_Driver/Src/stm32f4xx_hal_uart.o
 .text.UART_Transmit_IT
                0x080069fc       0xa0 ./Drivers/STM32F4xx_HAL_Driver/Src/stm32f4xx_hal_uart.o
 .text.UART_EndTransmit_IT
                0x08006a9c       0x30 ./Drivers/STM32F4xx_HAL_Driver/Src/stm32f4xx_hal_uart.o
 .text.UART_Receive_IT
                0x08006acc      0x17c ./Drivers/STM32F4xx_HAL_Driver/Src/stm32f4xx_hal_uart.o
 .text.UART_SetConfig
                0x08006c48      0x4e8 ./Drivers/STM32F4xx_HAL_Driver/Src/stm32f4xx_hal_uart.o
 .text.__NVIC_SetPriority
                0x08007130       0x54 ./Middlewares/Third_Party/FreeRTOS/Source/CMSIS_RTOS_V2/cmsis_os2.o
 .text.SysTick_Handler
                0x08007184       0x20 ./Middlewares/Third_Party/FreeRTOS/Source/CMSIS_RTOS_V2/cmsis_os2.o
                0x08007184                SysTick_Handler
 .text.SVC_Setup
                0x080071a4       0x12 ./Middlewares/Third_Party/FreeRTOS/Source/CMSIS_RTOS_V2/cmsis_os2.o
 *fill*         0x080071b6        0x2 
 .text.osKernelInitialize
                0x080071b8       0x48 ./Middlewares/Third_Party/FreeRTOS/Source/CMSIS_RTOS_V2/cmsis_os2.o
                0x080071b8                osKernelInitialize
 .text.osKernelStart
                0x08007200       0x4c ./Middlewares/Third_Party/FreeRTOS/Source/CMSIS_RTOS_V2/cmsis_os2.o
                0x08007200                osKernelStart
 .text.osThreadNew
                0x0800724c      0x124 ./Middlewares/Third_Party/FreeRTOS/Source/CMSIS_RTOS_V2/cmsis_os2.o
                0x0800724c                osThreadNew
 .text.osDelay  0x08007370       0x36 ./Middlewares/Third_Party/FreeRTOS/Source/CMSIS_RTOS_V2/cmsis_os2.o
                0x08007370                osDelay
 .text.osSemaphoreNew
                0x080073a6      0x112 ./Middlewares/Third_Party/FreeRTOS/Source/CMSIS_RTOS_V2/cmsis_os2.o
                0x080073a6                osSemaphoreNew
 .text.osSemaphoreRelease
                0x080074b8       0x88 ./Middlewares/Third_Party/FreeRTOS/Source/CMSIS_RTOS_V2/cmsis_os2.o
                0x080074b8                osSemaphoreRelease
 .text.osMessageQueueNew
                0x08007540       0xe6 ./Middlewares/Third_Party/FreeRTOS/Source/CMSIS_RTOS_V2/cmsis_os2.o
                0x08007540                osMessageQueueNew
 *fill*         0x08007626        0x2 
 .text.osMessageQueuePut
                0x08007628       0xc0 ./Middlewares/Third_Party/FreeRTOS/Source/CMSIS_RTOS_V2/cmsis_os2.o
                0x08007628                osMessageQueuePut
 .text.vApplicationGetIdleTaskMemory
                0x080076e8       0x34 ./Middlewares/Third_Party/FreeRTOS/Source/CMSIS_RTOS_V2/cmsis_os2.o
                0x080076e8                vApplicationGetIdleTaskMemory
 .text.vApplicationGetTimerTaskMemory
                0x0800771c       0x34 ./Middlewares/Third_Party/FreeRTOS/Source/CMSIS_RTOS_V2/cmsis_os2.o
                0x0800771c                vApplicationGetTimerTaskMemory
 .text.vListInitialise
                0x08007750       0x40 ./Middlewares/Third_Party/FreeRTOS/Source/list.o
                0x08007750                vListInitialise
 .text.vListInitialiseItem
                0x08007790       0x1a ./Middlewares/Third_Party/FreeRTOS/Source/list.o
                0x08007790                vListInitialiseItem
 .text.vListInsertEnd
                0x080077aa       0x48 ./Middlewares/Third_Party/FreeRTOS/Source/list.o
                0x080077aa                vListInsertEnd
 .text.vListInsert
                0x080077f2       0x72 ./Middlewares/Third_Party/FreeRTOS/Source/list.o
                0x080077f2                vListInsert
 .text.uxListRemove
                0x08007864       0x54 ./Middlewares/Third_Party/FreeRTOS/Source/list.o
                0x08007864                uxListRemove
 .text.xQueueGenericReset
                0x080078b8       0xd4 ./Middlewares/Third_Party/FreeRTOS/Source/queue.o
                0x080078b8                xQueueGenericReset
 .text.xQueueGenericCreateStatic
                0x0800798c       0xfa ./Middlewares/Third_Party/FreeRTOS/Source/queue.o
                0x0800798c                xQueueGenericCreateStatic
 .text.xQueueGenericCreate
                0x08007a86       0x76 ./Middlewares/Third_Party/FreeRTOS/Source/queue.o
                0x08007a86                xQueueGenericCreate
 .text.prvInitialiseNewQueue
                0x08007afc       0x46 ./Middlewares/Third_Party/FreeRTOS/Source/queue.o
 .text.xQueueCreateCountingSemaphoreStatic
                0x08007b42       0x72 ./Middlewares/Third_Party/FreeRTOS/Source/queue.o
                0x08007b42                xQueueCreateCountingSemaphoreStatic
 .text.xQueueCreateCountingSemaphore
                0x08007bb4       0x6a ./Middlewares/Third_Party/FreeRTOS/Source/queue.o
                0x08007bb4                xQueueCreateCountingSemaphore
 *fill*         0x08007c1e        0x2 
 .text.xQueueGenericSend
                0x08007c20      0x204 ./Middlewares/Third_Party/FreeRTOS/Source/queue.o
                0x08007c20                xQueueGenericSend
 .text.xQueueGenericSendFromISR
                0x08007e24      0x13c ./Middlewares/Third_Party/FreeRTOS/Source/queue.o
                0x08007e24                xQueueGenericSendFromISR
 .text.xQueueGiveFromISR
                0x08007f60      0x120 ./Middlewares/Third_Party/FreeRTOS/Source/queue.o
                0x08007f60                xQueueGiveFromISR
 .text.xQueueReceive
                0x08008080      0x1c4 ./Middlewares/Third_Party/FreeRTOS/Source/queue.o
                0x08008080                xQueueReceive
 .text.vQueueDelete
                0x08008244       0x48 ./Middlewares/Third_Party/FreeRTOS/Source/queue.o
                0x08008244                vQueueDelete
 .text.prvCopyDataToQueue
                0x0800828c       0xd4 ./Middlewares/Third_Party/FreeRTOS/Source/queue.o
 .text.prvCopyDataFromQueue
                0x08008360       0x4c ./Middlewares/Third_Party/FreeRTOS/Source/queue.o
 .text.prvUnlockQueue
                0x080083ac       0xa4 ./Middlewares/Third_Party/FreeRTOS/Source/queue.o
 .text.prvIsQueueEmpty
                0x08008450       0x2c ./Middlewares/Third_Party/FreeRTOS/Source/queue.o
 .text.prvIsQueueFull
                0x0800847c       0x30 ./Middlewares/Third_Party/FreeRTOS/Source/queue.o
 .text.vQueueAddToRegistry
                0x080084ac       0x54 ./Middlewares/Third_Party/FreeRTOS/Source/queue.o
                0x080084ac                vQueueAddToRegistry
 .text.vQueueUnregisterQueue
                0x08008500       0x54 ./Middlewares/Third_Party/FreeRTOS/Source/queue.o
                0x08008500                vQueueUnregisterQueue
 .text.vQueueWaitForMessageRestricted
                0x08008554       0x68 ./Middlewares/Third_Party/FreeRTOS/Source/queue.o
                0x08008554                vQueueWaitForMessageRestricted
 .text.xTaskCreateStatic
                0x080085bc       0xc0 ./Middlewares/Third_Party/FreeRTOS/Source/tasks.o
                0x080085bc                xTaskCreateStatic
 .text.xTaskCreate
                0x0800867c       0x8a ./Middlewares/Third_Party/FreeRTOS/Source/tasks.o
                0x0800867c                xTaskCreate
 *fill*         0x08008706        0x2 
 .text.prvInitialiseNewTask
                0x08008708      0x150 ./Middlewares/Third_Party/FreeRTOS/Source/tasks.o
 .text.prvAddNewTaskToReadyList
                0x08008858       0xe0 ./Middlewares/Third_Party/FreeRTOS/Source/tasks.o
 .text.vTaskDelay
                0x08008938       0x6c ./Middlewares/Third_Party/FreeRTOS/Source/tasks.o
                0x08008938                vTaskDelay
 .text.vTaskStartScheduler
                0x080089a4       0xe0 ./Middlewares/Third_Party/FreeRTOS/Source/tasks.o
                0x080089a4                vTaskStartScheduler
 .text.vTaskSuspendAll
                0x08008a84       0x1c ./Middlewares/Third_Party/FreeRTOS/Source/tasks.o
                0x08008a84                vTaskSuspendAll
 .text.xTaskResumeAll
                0x08008aa0      0x13c ./Middlewares/Third_Party/FreeRTOS/Source/tasks.o
                0x08008aa0                xTaskResumeAll
 .text.xTaskGetTickCount
                0x08008bdc       0x20 ./Middlewares/Third_Party/FreeRTOS/Source/tasks.o
                0x08008bdc                xTaskGetTickCount
 .text.xTaskIncrementTick
                0x08008bfc      0x174 ./Middlewares/Third_Party/FreeRTOS/Source/tasks.o
                0x08008bfc                xTaskIncrementTick
 .text.vTaskSwitchContext
                0x08008d70       0xcc ./Middlewares/Third_Party/FreeRTOS/Source/tasks.o
                0x08008d70                vTaskSwitchContext
 .text.vTaskPlaceOnEventList
                0x08008e3c       0x4c ./Middlewares/Third_Party/FreeRTOS/Source/tasks.o
                0x08008e3c                vTaskPlaceOnEventList
 .text.vTaskPlaceOnEventListRestricted
                0x08008e88       0x58 ./Middlewares/Third_Party/FreeRTOS/Source/tasks.o
                0x08008e88                vTaskPlaceOnEventListRestricted
 .text.xTaskRemoveFromEventList
                0x08008ee0       0xc8 ./Middlewares/Third_Party/FreeRTOS/Source/tasks.o
                0x08008ee0                xTaskRemoveFromEventList
 .text.vTaskInternalSetTimeOutState
                0x08008fa8       0x2c ./Middlewares/Third_Party/FreeRTOS/Source/tasks.o
                0x08008fa8                vTaskInternalSetTimeOutState
 .text.xTaskCheckForTimeOut
                0x08008fd4       0xc8 ./Middlewares/Third_Party/FreeRTOS/Source/tasks.o
                0x08008fd4                xTaskCheckForTimeOut
 .text.vTaskMissedYield
                0x0800909c       0x18 ./Middlewares/Third_Party/FreeRTOS/Source/tasks.o
                0x0800909c                vTaskMissedYield
 .text.prvIdleTask
                0x080090b4       0x30 ./Middlewares/Third_Party/FreeRTOS/Source/tasks.o
 .text.prvInitialiseTaskLists
                0x080090e4       0x80 ./Middlewares/Third_Party/FreeRTOS/Source/tasks.o
 .text.prvCheckTasksWaitingTermination
                0x08009164       0x5c ./Middlewares/Third_Party/FreeRTOS/Source/tasks.o
 .text.prvDeleteTCB
                0x080091c0       0x6a ./Middlewares/Third_Party/FreeRTOS/Source/tasks.o
 *fill*         0x0800922a        0x2 
 .text.prvResetNextTaskUnblockTime
                0x0800922c       0x40 ./Middlewares/Third_Party/FreeRTOS/Source/tasks.o
 .text.xTaskGetSchedulerState
                0x0800926c       0x3c ./Middlewares/Third_Party/FreeRTOS/Source/tasks.o
                0x0800926c                xTaskGetSchedulerState
 .text.xTaskPriorityDisinherit
                0x080092a8       0xe0 ./Middlewares/Third_Party/FreeRTOS/Source/tasks.o
                0x080092a8                xTaskPriorityDisinherit
 .text.prvAddCurrentTaskToDelayedList
                0x08009388       0xa8 ./Middlewares/Third_Party/FreeRTOS/Source/tasks.o
 .text.xTimerCreateTimerTask
                0x08009430       0x94 ./Middlewares/Third_Party/FreeRTOS/Source/timers.o
                0x08009430                xTimerCreateTimerTask
 .text.xTimerGenericCommand
                0x080094c4       0x9c ./Middlewares/Third_Party/FreeRTOS/Source/timers.o
                0x080094c4                xTimerGenericCommand
 .text.prvProcessExpiredTimer
                0x08009560       0x9c ./Middlewares/Third_Party/FreeRTOS/Source/timers.o
 .text.prvTimerTask
                0x080095fc       0x26 ./Middlewares/Third_Party/FreeRTOS/Source/timers.o
 *fill*         0x08009622        0x2 
 .text.prvProcessTimerOrBlockTask
                0x08009624       0x9c ./Middlewares/Third_Party/FreeRTOS/Source/timers.o
 .text.prvGetNextExpireTime
                0x080096c0       0x48 ./Middlewares/Third_Party/FreeRTOS/Source/timers.o
 .text.prvSampleTimeNow
                0x08009708       0x40 ./Middlewares/Third_Party/FreeRTOS/Source/timers.o
 .text.prvInsertTimerInActiveList
                0x08009748       0x84 ./Middlewares/Third_Party/FreeRTOS/Source/timers.o
 .text.prvProcessReceivedCommands
                0x080097cc      0x1cc ./Middlewares/Third_Party/FreeRTOS/Source/timers.o
 .text.prvSwitchTimerLists
                0x08009998       0xcc ./Middlewares/Third_Party/FreeRTOS/Source/timers.o
 .text.prvCheckForValidListAndQueue
                0x08009a64       0x80 ./Middlewares/Third_Party/FreeRTOS/Source/timers.o
 .text.pxPortInitialiseStack
                0x08009ae4       0x68 ./Middlewares/Third_Party/FreeRTOS/Source/portable/GCC/ARM_CM4F/port.o
                0x08009ae4                pxPortInitialiseStack
 .text.prvTaskExitError
                0x08009b4c       0x5c ./Middlewares/Third_Party/FreeRTOS/Source/portable/GCC/ARM_CM4F/port.o
 *fill*         0x08009ba8        0x8 
 .text.SVC_Handler
                0x08009bb0       0x28 ./Middlewares/Third_Party/FreeRTOS/Source/portable/GCC/ARM_CM4F/port.o
                0x08009bb0                SVC_Handler
 .text.prvPortStartFirstTask
                0x08009bd8       0x28 ./Middlewares/Third_Party/FreeRTOS/Source/portable/GCC/ARM_CM4F/port.o
 .text.xPortStartScheduler
                0x08009c00      0x148 ./Middlewares/Third_Party/FreeRTOS/Source/portable/GCC/ARM_CM4F/port.o
                0x08009c00                xPortStartScheduler
 .text.vPortEnterCritical
                0x08009d48       0x64 ./Middlewares/Third_Party/FreeRTOS/Source/portable/GCC/ARM_CM4F/port.o
                0x08009d48                vPortEnterCritical
 .text.vPortExitCritical
                0x08009dac       0x54 ./Middlewares/Third_Party/FreeRTOS/Source/portable/GCC/ARM_CM4F/port.o
                0x08009dac                vPortExitCritical
 .text.PendSV_Handler
                0x08009e00       0x68 ./Middlewares/Third_Party/FreeRTOS/Source/portable/GCC/ARM_CM4F/port.o
                0x08009e00                PendSV_Handler
 .text.xPortSysTickHandler
                0x08009e68       0x44 ./Middlewares/Third_Party/FreeRTOS/Source/portable/GCC/ARM_CM4F/port.o
                0x08009e68                xPortSysTickHandler
 .text.vPortSetupTimerInterrupt
                0x08009eac       0x48 ./Middlewares/Third_Party/FreeRTOS/Source/portable/GCC/ARM_CM4F/port.o
                0x08009eac                vPortSetupTimerInterrupt
 .text.vPortEnableVFP
                0x08009ef4       0x14 ./Middlewares/Third_Party/FreeRTOS/Source/portable/GCC/ARM_CM4F/port.o
 .text.vPortValidateInterruptPriority
                0x08009f08       0x84 ./Middlewares/Third_Party/FreeRTOS/Source/portable/GCC/ARM_CM4F/port.o
                0x08009f08                vPortValidateInterruptPriority
 .text.pvPortMalloc
                0x08009f8c      0x19c ./Middlewares/Third_Party/FreeRTOS/Source/portable/MemMang/heap_4.o
                0x08009f8c                pvPortMalloc
 .text.vPortFree
                0x0800a128       0xc8 ./Middlewares/Third_Party/FreeRTOS/Source/portable/MemMang/heap_4.o
                0x0800a128                vPortFree
 .text.prvHeapInit
                0x0800a1f0       0xc4 ./Middlewares/Third_Party/FreeRTOS/Source/portable/MemMang/heap_4.o
 .text.prvInsertBlockIntoFreeList
                0x0800a2b4       0xb4 ./Middlewares/Third_Party/FreeRTOS/Source/portable/MemMang/heap_4.o
 .text.memset   0x0800a368       0x10 /Applications/STM32CubeIDE.app/Contents/Eclipse/plugins/com.st.stm32cube.ide.mcu.externaltools.gnu-tools-for-stm32.13.3.rel1.macos64_1.0.0.202411102158/tools/bin/../lib/gcc/arm-none-eabi/13.3.1/../../../../arm-none-eabi/lib/thumb/v7e-m+fp/hard/libc_nano.a(libc_a-memset.o)
                0x0800a368                memset
 .text.__libc_init_array
                0x0800a378       0x48 /Applications/STM32CubeIDE.app/Contents/Eclipse/plugins/com.st.stm32cube.ide.mcu.externaltools.gnu-tools-for-stm32.13.3.rel1.macos64_1.0.0.202411102158/tools/bin/../lib/gcc/arm-none-eabi/13.3.1/../../../../arm-none-eabi/lib/thumb/v7e-m+fp/hard/libc_nano.a(libc_a-init.o)
                0x0800a378                __libc_init_array
 .text.__retarget_lock_acquire_recursive
                0x0800a3c0        0x2 /Applications/STM32CubeIDE.app/Contents/Eclipse/plugins/com.st.stm32cube.ide.mcu.externaltools.gnu-tools-for-stm32.13.3.rel1.macos64_1.0.0.202411102158/tools/bin/../lib/gcc/arm-none-eabi/13.3.1/../../../../arm-none-eabi/lib/thumb/v7e-m+fp/hard/libc_nano.a(libc_a-lock.o)
                0x0800a3c0                __retarget_lock_acquire_recursive
 .text.__retarget_lock_release_recursive
                0x0800a3c2        0x2 /Applications/STM32CubeIDE.app/Contents/Eclipse/plugins/com.st.stm32cube.ide.mcu.externaltools.gnu-tools-for-stm32.13.3.rel1.macos64_1.0.0.202411102158/tools/bin/../lib/gcc/arm-none-eabi/13.3.1/../../../../arm-none-eabi/lib/thumb/v7e-m+fp/hard/libc_nano.a(libc_a-lock.o)
                0x0800a3c2                __retarget_lock_release_recursive
 .text._reclaim_reent
                0x0800a3c4       0xbc /Applications/STM32CubeIDE.app/Contents/Eclipse/plugins/com.st.stm32cube.ide.mcu.externaltools.gnu-tools-for-stm32.13.3.rel1.macos64_1.0.0.202411102158/tools/bin/../lib/gcc/arm-none-eabi/13.3.1/../../../../arm-none-eabi/lib/thumb/v7e-m+fp/hard/libc_nano.a(libc_a-reent.o)
                0x0800a3c4                _reclaim_reent
 .text.memcpy   0x0800a480       0x1c /Applications/STM32CubeIDE.app/Contents/Eclipse/plugins/com.st.stm32cube.ide.mcu.externaltools.gnu-tools-for-stm32.13.3.rel1.macos64_1.0.0.202411102158/tools/bin/../lib/gcc/arm-none-eabi/13.3.1/../../../../arm-none-eabi/lib/thumb/v7e-m+fp/hard/libc_nano.a(libc_a-memcpy-stub.o)
                0x0800a480                memcpy
 .text._free_r  0x0800a49c       0x94 /Applications/STM32CubeIDE.app/Contents/Eclipse/plugins/com.st.stm32cube.ide.mcu.externaltools.gnu-tools-for-stm32.13.3.rel1.macos64_1.0.0.202411102158/tools/bin/../lib/gcc/arm-none-eabi/13.3.1/../../../../arm-none-eabi/lib/thumb/v7e-m+fp/hard/libc_nano.a(libc_a-freer.o)
                0x0800a49c                _free_r
 .text.__malloc_lock
                0x0800a530        0xc /Applications/STM32CubeIDE.app/Contents/Eclipse/plugins/com.st.stm32cube.ide.mcu.externaltools.gnu-tools-for-stm32.13.3.rel1.macos64_1.0.0.202411102158/tools/bin/../lib/gcc/arm-none-eabi/13.3.1/../../../../arm-none-eabi/lib/thumb/v7e-m+fp/hard/libc_nano.a(libc_a-mlock.o)
                0x0800a530                __malloc_lock
 .text.__malloc_unlock
                0x0800a53c        0xc /Applications/STM32CubeIDE.app/Contents/Eclipse/plugins/com.st.stm32cube.ide.mcu.externaltools.gnu-tools-for-stm32.13.3.rel1.macos64_1.0.0.202411102158/tools/bin/../lib/gcc/arm-none-eabi/13.3.1/../../../../arm-none-eabi/lib/thumb/v7e-m+fp/hard/libc_nano.a(libc_a-mlock.o)
                0x0800a53c                __malloc_unlock
 *(.glue_7)
 .glue_7        0x0800a548        0x0 linker stubs
 *(.glue_7t)
 .glue_7t       0x0800a548        0x0 linker stubs
 *(.eh_frame)
 .eh_frame      0x0800a548        0x0 /Applications/STM32CubeIDE.app/Contents/Eclipse/plugins/com.st.stm32cube.ide.mcu.externaltools.gnu-tools-for-stm32.13.3.rel1.macos64_1.0.0.202411102158/tools/bin/../lib/gcc/arm-none-eabi/13.3.1/thumb/v7e-m+fp/hard/crtbegin.o
 *(.init)
 .init          0x0800a548        0x4 /Applications/STM32CubeIDE.app/Contents/Eclipse/plugins/com.st.stm32cube.ide.mcu.externaltools.gnu-tools-for-stm32.13.3.rel1.macos64_1.0.0.202411102158/tools/bin/../lib/gcc/arm-none-eabi/13.3.1/thumb/v7e-m+fp/hard/crti.o
                0x0800a548                _init
 .init          0x0800a54c        0x8 /Applications/STM32CubeIDE.app/Contents/Eclipse/plugins/com.st.stm32cube.ide.mcu.externaltools.gnu-tools-for-stm32.13.3.rel1.macos64_1.0.0.202411102158/tools/bin/../lib/gcc/arm-none-eabi/13.3.1/thumb/v7e-m+fp/hard/crtn.o
 *(.fini)
 .fini          0x0800a554        0x4 /Applications/STM32CubeIDE.app/Contents/Eclipse/plugins/com.st.stm32cube.ide.mcu.externaltools.gnu-tools-for-stm32.13.3.rel1.macos64_1.0.0.202411102158/tools/bin/../lib/gcc/arm-none-eabi/13.3.1/thumb/v7e-m+fp/hard/crti.o
                0x0800a554                _fini
 .fini          0x0800a558        0x8 /Applications/STM32CubeIDE.app/Contents/Eclipse/plugins/com.st.stm32cube.ide.mcu.externaltools.gnu-tools-for-stm32.13.3.rel1.macos64_1.0.0.202411102158/tools/bin/../lib/gcc/arm-none-eabi/13.3.1/thumb/v7e-m+fp/hard/crtn.o
                0x0800a560                        . = ALIGN (0x4)
                0x0800a560                        _etext = .

.vfp11_veneer   0x0800a560        0x0
 .vfp11_veneer  0x0800a560        0x0 linker stubs

.v4_bx          0x0800a560        0x0
 .v4_bx         0x0800a560        0x0 linker stubs

.iplt           0x0800a560        0x0
 .iplt          0x0800a560        0x0 /Applications/STM32CubeIDE.app/Contents/Eclipse/plugins/com.st.stm32cube.ide.mcu.externaltools.gnu-tools-for-stm32.13.3.rel1.macos64_1.0.0.202411102158/tools/bin/../lib/gcc/arm-none-eabi/13.3.1/thumb/v7e-m+fp/hard/crtbegin.o

.rodata         0x0800a560       0x68
                0x0800a560                        . = ALIGN (0x4)
 *(.rodata)
 .rodata        0x0800a560        0xc ./Core/Src/main.o
 .rodata        0x0800a56c        0x5 ./Middlewares/Third_Party/FreeRTOS/Source/tasks.o
 *fill*         0x0800a571        0x3 
 .rodata        0x0800a574        0xd ./Middlewares/Third_Party/FreeRTOS/Source/timers.o
 *(.rodata*)
 *fill*         0x0800a581        0x3 
 .rodata.defaultTask_attributes
                0x0800a584       0x24 ./Core/Src/main.o
                0x0800a584                defaultTask_attributes
 .rodata.AHBPrescTable
                0x0800a5a8       0x10 ./Core/Src/system_stm32f4xx.o
                0x0800a5a8                AHBPrescTable
 .rodata.APBPrescTable
                0x0800a5b8        0x8 ./Core/Src/system_stm32f4xx.o
                0x0800a5b8                APBPrescTable
 .rodata.flagBitshiftOffset.0
                0x0800a5c0        0x8 ./Drivers/STM32F4xx_HAL_Driver/Src/stm32f4xx_hal_dma.o
                0x0800a5c8                        . = ALIGN (0x4)

.ARM.extab      0x0800a5c8        0x0
                0x0800a5c8                        . = ALIGN (0x4)
 *(.ARM.extab* .gnu.linkonce.armextab.*)
                0x0800a5c8                        . = ALIGN (0x4)

.ARM            0x0800a5c8        0x8
                0x0800a5c8                        . = ALIGN (0x4)
                0x0800a5c8                        __exidx_start = .
 *(.ARM.exidx*)
 .ARM.exidx     0x0800a5c8        0x8 /Applications/STM32CubeIDE.app/Contents/Eclipse/plugins/com.st.stm32cube.ide.mcu.externaltools.gnu-tools-for-stm32.13.3.rel1.macos64_1.0.0.202411102158/tools/bin/../lib/gcc/arm-none-eabi/13.3.1/thumb/v7e-m+fp/hard/libgcc.a(_udivmoddi4.o)
                0x0800a5d0                        __exidx_end = .
                0x0800a5d0                        . = ALIGN (0x4)

.preinit_array  0x0800a5d0        0x0
                0x0800a5d0                        . = ALIGN (0x4)
                0x0800a5d0                        PROVIDE (__preinit_array_start = .)
 *(.preinit_array*)
                0x0800a5d0                        PROVIDE (__preinit_array_end = .)
                0x0800a5d0                        . = ALIGN (0x4)

.init_array     0x0800a5d0        0x4
                0x0800a5d0                        . = ALIGN (0x4)
                0x0800a5d0                        PROVIDE (__init_array_start = .)
 *(SORT_BY_NAME(.init_array.*))
 *(.init_array*)
 .init_array    0x0800a5d0        0x4 /Applications/STM32CubeIDE.app/Contents/Eclipse/plugins/com.st.stm32cube.ide.mcu.externaltools.gnu-tools-for-stm32.13.3.rel1.macos64_1.0.0.202411102158/tools/bin/../lib/gcc/arm-none-eabi/13.3.1/thumb/v7e-m+fp/hard/crtbegin.o
                0x0800a5d4                        PROVIDE (__init_array_end = .)
                0x0800a5d4                        . = ALIGN (0x4)

.fini_array     0x0800a5d4        0x4
                0x0800a5d4                        . = ALIGN (0x4)
                [!provide]                        PROVIDE (__fini_array_start = .)
 *(SORT_BY_NAME(.fini_array.*))
 *(.fini_array*)
 .fini_array    0x0800a5d4        0x4 /Applications/STM32CubeIDE.app/Contents/Eclipse/plugins/com.st.stm32cube.ide.mcu.externaltools.gnu-tools-for-stm32.13.3.rel1.macos64_1.0.0.202411102158/tools/bin/../lib/gcc/arm-none-eabi/13.3.1/thumb/v7e-m+fp/hard/crtbegin.o
                [!provide]                        PROVIDE (__fini_array_end = .)
                0x0800a5d8                        . = ALIGN (0x4)
                0x0800a5d8                        _sidata = LOADADDR (.data)

.rel.dyn        0x0800a5d8        0x0
 .rel.iplt      0x0800a5d8        0x0 /Applications/STM32CubeIDE.app/Contents/Eclipse/plugins/com.st.stm32cube.ide.mcu.externaltools.gnu-tools-for-stm32.13.3.rel1.macos64_1.0.0.202411102158/tools/bin/../lib/gcc/arm-none-eabi/13.3.1/thumb/v7e-m+fp/hard/crtbegin.o

.data           0x20000000      0x110 load address 0x0800a5d8
                0x20000000                        . = ALIGN (0x4)
                0x20000000                        _sdata = .
 *(.data)
 *(.data*)
 .data.leds     0x20000000       0x60 ./Components/Src/led.o
 .data.rs485    0x20000060       0x20 ./Core/Src/main.o
                0x20000060                rs485
 .data.can_config
                0x20000080       0x18 ./Core/Src/main.o
                0x20000080                can_config
 .data.analog_handle
                0x20000098       0x18 ./Core/Src/main.o
                0x20000098                analog_handle
 .data.SystemCoreClock
                0x200000b0        0x4 ./Core/Src/system_stm32f4xx.o
                0x200000b0                SystemCoreClock
 .data.uwTickPrio
                0x200000b4        0x4 ./Drivers/STM32F4xx_HAL_Driver/Src/stm32f4xx_hal.o
                0x200000b4                uwTickPrio
 .data.uwTickFreq
                0x200000b8        0x1 ./Drivers/STM32F4xx_HAL_Driver/Src/stm32f4xx_hal.o
                0x200000b8                uwTickFreq
 *fill*         0x200000b9        0x3 
 .data.uxCriticalNesting
                0x200000bc        0x4 ./Middlewares/Third_Party/FreeRTOS/Source/portable/GCC/ARM_CM4F/port.o
 .data._impure_ptr
                0x200000c0        0x4 /Applications/STM32CubeIDE.app/Contents/Eclipse/plugins/com.st.stm32cube.ide.mcu.externaltools.gnu-tools-for-stm32.13.3.rel1.macos64_1.0.0.202411102158/tools/bin/../lib/gcc/arm-none-eabi/13.3.1/../../../../arm-none-eabi/lib/thumb/v7e-m+fp/hard/libc_nano.a(libc_a-impure.o)
                0x200000c0                _impure_ptr
 .data._impure_data
                0x200000c4       0x4c /Applications/STM32CubeIDE.app/Contents/Eclipse/plugins/com.st.stm32cube.ide.mcu.externaltools.gnu-tools-for-stm32.13.3.rel1.macos64_1.0.0.202411102158/tools/bin/../lib/gcc/arm-none-eabi/13.3.1/../../../../arm-none-eabi/lib/thumb/v7e-m+fp/hard/libc_nano.a(libc_a-impure.o)
                0x200000c4                _impure_data
 *(.RamFunc)
 *(.RamFunc*)
                0x20000110                        . = ALIGN (0x4)
                0x20000110                        _edata = .
                0x0800a6e8                        _siccmram = LOADADDR (.ccmram)

.igot.plt       0x20000110        0x0 load address 0x0800a6e8
 .igot.plt      0x20000110        0x0 /Applications/STM32CubeIDE.app/Contents/Eclipse/plugins/com.st.stm32cube.ide.mcu.externaltools.gnu-tools-for-stm32.13.3.rel1.macos64_1.0.0.202411102158/tools/bin/../lib/gcc/arm-none-eabi/13.3.1/thumb/v7e-m+fp/hard/crtbegin.o

.ccmram         0x10000000        0x0 load address 0x0800a6e8
                0x10000000                        . = ALIGN (0x4)
                0x10000000                        _sccmram = .
 *(.ccmram)
 *(.ccmram*)
                0x10000000                        . = ALIGN (0x4)
                0x10000000                        _eccmram = .
                0x10000000                        . = ALIGN (0x4)

.bss            0x20000110     0x51c0
                0x20000110                        _sbss = .
                0x20000110                        __bss_start__ = _sbss
 *(.bss)
 .bss           0x20000110       0x1c /Applications/STM32CubeIDE.app/Contents/Eclipse/plugins/com.st.stm32cube.ide.mcu.externaltools.gnu-tools-for-stm32.13.3.rel1.macos64_1.0.0.202411102158/tools/bin/../lib/gcc/arm-none-eabi/13.3.1/thumb/v7e-m+fp/hard/crtbegin.o
 *(.bss*)
 .bss.g_can_config
                0x2000012c        0x4 ./Components/Src/CAN.o
 .bss.g_handle  0x20000130        0x4 ./Components/Src/RS485.o
 .bss.handle    0x20000134        0x4 ./Components/Src/analog.o
 .bss.TxConfig  0x20000138       0x38 ./Core/Src/main.o
                0x20000138                TxConfig
 .bss.DMARxDscrTab
                0x20000170       0xa0 ./Core/Src/main.o
                0x20000170                DMARxDscrTab
 .bss.DMATxDscrTab
                0x20000210       0xa0 ./Core/Src/main.o
                0x20000210                DMATxDscrTab
 .bss.hadc1     0x200002b0       0x48 ./Core/Src/main.o
                0x200002b0                hadc1
 .bss.hdma_adc1
                0x200002f8       0x60 ./Core/Src/main.o
                0x200002f8                hdma_adc1
 .bss.hcan1     0x20000358       0x28 ./Core/Src/main.o
                0x20000358                hcan1
 .bss.hdac      0x20000380       0x14 ./Core/Src/main.o
                0x20000380                hdac
 .bss.heth      0x20000394       0xb0 ./Core/Src/main.o
                0x20000394                heth
 .bss.hi2c1     0x20000444       0x54 ./Core/Src/main.o
                0x20000444                hi2c1
 .bss.htim1     0x20000498       0x48 ./Core/Src/main.o
                0x20000498                htim1
 .bss.htim2     0x200004e0       0x48 ./Core/Src/main.o
                0x200004e0                htim2
 .bss.htim3     0x20000528       0x48 ./Core/Src/main.o
                0x20000528                htim3
 .bss.htim5     0x20000570       0x48 ./Core/Src/main.o
                0x20000570                htim5
 .bss.htim8     0x200005b8       0x48 ./Core/Src/main.o
                0x200005b8                htim8
 .bss.htim9     0x20000600       0x48 ./Core/Src/main.o
                0x20000600                htim9
 .bss.huart4    0x20000648       0x48 ./Core/Src/main.o
                0x20000648                huart4
 .bss.hdma_uart4_rx
                0x20000690       0x60 ./Core/Src/main.o
                0x20000690                hdma_uart4_rx
 .bss.hdma_uart4_tx
                0x200006f0       0x60 ./Core/Src/main.o
                0x200006f0                hdma_uart4_tx
 .bss.defaultTaskHandle
                0x20000750        0x4 ./Core/Src/main.o
                0x20000750                defaultTaskHandle
 .bss.MACAddr.0
                0x20000754        0x6 ./Core/Src/main.o
 *fill*         0x2000075a        0x2 
 .bss.htim6     0x2000075c       0x48 ./Core/Src/stm32f4xx_hal_timebase_tim.o
                0x2000075c                htim6
 .bss.uwTick    0x200007a4        0x4 ./Drivers/STM32F4xx_HAL_Driver/Src/stm32f4xx_hal.o
                0x200007a4                uwTick
 .bss.KernelState
                0x200007a8        0x4 ./Middlewares/Third_Party/FreeRTOS/Source/CMSIS_RTOS_V2/cmsis_os2.o
 .bss.Idle_TCB.3
                0x200007ac       0xa8 ./Middlewares/Third_Party/FreeRTOS/Source/CMSIS_RTOS_V2/cmsis_os2.o
 .bss.Idle_Stack.2
                0x20000854      0x200 ./Middlewares/Third_Party/FreeRTOS/Source/CMSIS_RTOS_V2/cmsis_os2.o
 .bss.Timer_TCB.1
                0x20000a54       0xa8 ./Middlewares/Third_Party/FreeRTOS/Source/CMSIS_RTOS_V2/cmsis_os2.o
 .bss.Timer_Stack.0
                0x20000afc      0x400 ./Middlewares/Third_Party/FreeRTOS/Source/CMSIS_RTOS_V2/cmsis_os2.o
 .bss.xQueueRegistry
                0x20000efc       0x40 ./Middlewares/Third_Party/FreeRTOS/Source/queue.o
                0x20000efc                xQueueRegistry
 .bss.pxCurrentTCB
                0x20000f3c        0x4 ./Middlewares/Third_Party/FreeRTOS/Source/tasks.o
                0x20000f3c                pxCurrentTCB
 .bss.pxReadyTasksLists
                0x20000f40      0x460 ./Middlewares/Third_Party/FreeRTOS/Source/tasks.o
 .bss.xDelayedTaskList1
                0x200013a0       0x14 ./Middlewares/Third_Party/FreeRTOS/Source/tasks.o
 .bss.xDelayedTaskList2
                0x200013b4       0x14 ./Middlewares/Third_Party/FreeRTOS/Source/tasks.o
 .bss.pxDelayedTaskList
                0x200013c8        0x4 ./Middlewares/Third_Party/FreeRTOS/Source/tasks.o
 .bss.pxOverflowDelayedTaskList
                0x200013cc        0x4 ./Middlewares/Third_Party/FreeRTOS/Source/tasks.o
 .bss.xPendingReadyList
                0x200013d0       0x14 ./Middlewares/Third_Party/FreeRTOS/Source/tasks.o
 .bss.xTasksWaitingTermination
                0x200013e4       0x14 ./Middlewares/Third_Party/FreeRTOS/Source/tasks.o
 .bss.uxDeletedTasksWaitingCleanUp
                0x200013f8        0x4 ./Middlewares/Third_Party/FreeRTOS/Source/tasks.o
 .bss.xSuspendedTaskList
                0x200013fc       0x14 ./Middlewares/Third_Party/FreeRTOS/Source/tasks.o
 .bss.uxCurrentNumberOfTasks
                0x20001410        0x4 ./Middlewares/Third_Party/FreeRTOS/Source/tasks.o
 .bss.xTickCount
                0x20001414        0x4 ./Middlewares/Third_Party/FreeRTOS/Source/tasks.o
 .bss.uxTopReadyPriority
                0x20001418        0x4 ./Middlewares/Third_Party/FreeRTOS/Source/tasks.o
 .bss.xSchedulerRunning
                0x2000141c        0x4 ./Middlewares/Third_Party/FreeRTOS/Source/tasks.o
 .bss.xPendedTicks
                0x20001420        0x4 ./Middlewares/Third_Party/FreeRTOS/Source/tasks.o
 .bss.xYieldPending
                0x20001424        0x4 ./Middlewares/Third_Party/FreeRTOS/Source/tasks.o
 .bss.xNumOfOverflows
                0x20001428        0x4 ./Middlewares/Third_Party/FreeRTOS/Source/tasks.o
 .bss.uxTaskNumber
                0x2000142c        0x4 ./Middlewares/Third_Party/FreeRTOS/Source/tasks.o
 .bss.xNextTaskUnblockTime
                0x20001430        0x4 ./Middlewares/Third_Party/FreeRTOS/Source/tasks.o
 .bss.xIdleTaskHandle
                0x20001434        0x4 ./Middlewares/Third_Party/FreeRTOS/Source/tasks.o
 .bss.uxSchedulerSuspended
                0x20001438        0x4 ./Middlewares/Third_Party/FreeRTOS/Source/tasks.o
 .bss.xActiveTimerList1
                0x2000143c       0x14 ./Middlewares/Third_Party/FreeRTOS/Source/timers.o
 .bss.xActiveTimerList2
                0x20001450       0x14 ./Middlewares/Third_Party/FreeRTOS/Source/timers.o
 .bss.pxCurrentTimerList
                0x20001464        0x4 ./Middlewares/Third_Party/FreeRTOS/Source/timers.o
 .bss.pxOverflowTimerList
                0x20001468        0x4 ./Middlewares/Third_Party/FreeRTOS/Source/timers.o
 .bss.xTimerQueue
                0x2000146c        0x4 ./Middlewares/Third_Party/FreeRTOS/Source/timers.o
 .bss.xTimerTaskHandle
                0x20001470        0x4 ./Middlewares/Third_Party/FreeRTOS/Source/timers.o
 .bss.xLastTime.2
                0x20001474        0x4 ./Middlewares/Third_Party/FreeRTOS/Source/timers.o
 .bss.ucStaticTimerQueueStorage.1
                0x20001478       0xa0 ./Middlewares/Third_Party/FreeRTOS/Source/timers.o
 .bss.xStaticTimerQueue.0
                0x20001518       0x50 ./Middlewares/Third_Party/FreeRTOS/Source/timers.o
 .bss.ucMaxSysCallPriority
                0x20001568        0x1 ./Middlewares/Third_Party/FreeRTOS/Source/portable/GCC/ARM_CM4F/port.o
 *fill*         0x20001569        0x3 
 .bss.ulMaxPRIGROUPValue
                0x2000156c        0x4 ./Middlewares/Third_Party/FreeRTOS/Source/portable/GCC/ARM_CM4F/port.o
 .bss.ucHeap    0x20001570     0x3c00 ./Middlewares/Third_Party/FreeRTOS/Source/portable/MemMang/heap_4.o
 .bss.xStart    0x20005170        0x8 ./Middlewares/Third_Party/FreeRTOS/Source/portable/MemMang/heap_4.o
 .bss.pxEnd     0x20005178        0x4 ./Middlewares/Third_Party/FreeRTOS/Source/portable/MemMang/heap_4.o
 .bss.xFreeBytesRemaining
                0x2000517c        0x4 ./Middlewares/Third_Party/FreeRTOS/Source/portable/MemMang/heap_4.o
 .bss.xMinimumEverFreeBytesRemaining
                0x20005180        0x4 ./Middlewares/Third_Party/FreeRTOS/Source/portable/MemMang/heap_4.o
 .bss.xNumberOfSuccessfulAllocations
                0x20005184        0x4 ./Middlewares/Third_Party/FreeRTOS/Source/portable/MemMang/heap_4.o
 .bss.xNumberOfSuccessfulFrees
                0x20005188        0x4 ./Middlewares/Third_Party/FreeRTOS/Source/portable/MemMang/heap_4.o
 .bss.xBlockAllocatedBit
                0x2000518c        0x4 ./Middlewares/Third_Party/FreeRTOS/Source/portable/MemMang/heap_4.o
 .bss.__sf      0x20005190      0x138 /Applications/STM32CubeIDE.app/Contents/Eclipse/plugins/com.st.stm32cube.ide.mcu.externaltools.gnu-tools-for-stm32.13.3.rel1.macos64_1.0.0.202411102158/tools/bin/../lib/gcc/arm-none-eabi/13.3.1/../../../../arm-none-eabi/lib/thumb/v7e-m+fp/hard/libc_nano.a(libc_a-findfp.o)
                0x20005190                __sf
 .bss.__lock___malloc_recursive_mutex
                0x200052c8        0x1 /Applications/STM32CubeIDE.app/Contents/Eclipse/plugins/com.st.stm32cube.ide.mcu.externaltools.gnu-tools-for-stm32.13.3.rel1.macos64_1.0.0.202411102158/tools/bin/../lib/gcc/arm-none-eabi/13.3.1/../../../../arm-none-eabi/lib/thumb/v7e-m+fp/hard/libc_nano.a(libc_a-lock.o)
                0x200052c8                __lock___malloc_recursive_mutex
 *fill*         0x200052c9        0x3 
 .bss.__malloc_free_list
                0x200052cc        0x4 /Applications/STM32CubeIDE.app/Contents/Eclipse/plugins/com.st.stm32cube.ide.mcu.externaltools.gnu-tools-for-stm32.13.3.rel1.macos64_1.0.0.202411102158/tools/bin/../lib/gcc/arm-none-eabi/13.3.1/../../../../arm-none-eabi/lib/thumb/v7e-m+fp/hard/libc_nano.a(libc_a-mallocr.o)
                0x200052cc                __malloc_free_list
 *(COMMON)
                0x200052d0                        . = ALIGN (0x4)
                0x200052d0                        _ebss = .
                0x200052d0                        __bss_end__ = _ebss

._user_heap_stack
                0x200052d0      0x600
                0x200052d0                        . = ALIGN (0x8)
                [!provide]                        PROVIDE (end = .)
                0x200052d0                        PROVIDE (_end = .)
                0x200054d0                        . = (. + _Min_Heap_Size)
 *fill*         0x200052d0      0x200 
                0x200058d0                        . = (. + _Min_Stack_Size)
 *fill*         0x200054d0      0x400 
                0x200058d0                        . = ALIGN (0x8)

/DISCARD/
 libc.a(*)
 libm.a(*)
 libgcc.a(*)

.ARM.attributes
                0x00000000       0x30
 *(.ARM.attributes)
 .ARM.attributes
                0x00000000       0x22 /Applications/STM32CubeIDE.app/Contents/Eclipse/plugins/com.st.stm32cube.ide.mcu.externaltools.gnu-tools-for-stm32.13.3.rel1.macos64_1.0.0.202411102158/tools/bin/../lib/gcc/arm-none-eabi/13.3.1/thumb/v7e-m+fp/hard/crti.o
 .ARM.attributes
                0x00000022       0x34 /Applications/STM32CubeIDE.app/Contents/Eclipse/plugins/com.st.stm32cube.ide.mcu.externaltools.gnu-tools-for-stm32.13.3.rel1.macos64_1.0.0.202411102158/tools/bin/../lib/gcc/arm-none-eabi/13.3.1/thumb/v7e-m+fp/hard/crtbegin.o
 .ARM.attributes
                0x00000056       0x34 ./Components/Src/CAN.o
 .ARM.attributes
                0x0000008a       0x34 ./Components/Src/RS485.o
 .ARM.attributes
                0x000000be       0x34 ./Components/Src/analog.o
 .ARM.attributes
                0x000000f2       0x34 ./Components/Src/led.o
 .ARM.attributes
                0x00000126       0x34 ./Core/Src/main.o
 .ARM.attributes
                0x0000015a       0x34 ./Core/Src/stm32f4xx_hal_msp.o
 .ARM.attributes
                0x0000018e       0x34 ./Core/Src/stm32f4xx_hal_timebase_tim.o
 .ARM.attributes
                0x000001c2       0x34 ./Core/Src/stm32f4xx_it.o
 .ARM.attributes
                0x000001f6       0x34 ./Core/Src/system_stm32f4xx.o
 .ARM.attributes
                0x0000022a       0x21 ./Core/Startup/startup_stm32f407vetx.o
 .ARM.attributes
                0x0000024b       0x34 ./Drivers/STM32F4xx_HAL_Driver/Src/stm32f4xx_hal.o
 .ARM.attributes
                0x0000027f       0x34 ./Drivers/STM32F4xx_HAL_Driver/Src/stm32f4xx_hal_adc.o
 .ARM.attributes
                0x000002b3       0x34 ./Drivers/STM32F4xx_HAL_Driver/Src/stm32f4xx_hal_can.o
 .ARM.attributes
                0x000002e7       0x34 ./Drivers/STM32F4xx_HAL_Driver/Src/stm32f4xx_hal_cortex.o
 .ARM.attributes
                0x0000031b       0x34 ./Drivers/STM32F4xx_HAL_Driver/Src/stm32f4xx_hal_dac.o
 .ARM.attributes
                0x0000034f       0x34 ./Drivers/STM32F4xx_HAL_Driver/Src/stm32f4xx_hal_dac_ex.o
 .ARM.attributes
                0x00000383       0x34 ./Drivers/STM32F4xx_HAL_Driver/Src/stm32f4xx_hal_dma.o
 .ARM.attributes
                0x000003b7       0x34 ./Drivers/STM32F4xx_HAL_Driver/Src/stm32f4xx_hal_eth.o
 .ARM.attributes
                0x000003eb       0x34 ./Drivers/STM32F4xx_HAL_Driver/Src/stm32f4xx_hal_gpio.o
 .ARM.attributes
                0x0000041f       0x34 ./Drivers/STM32F4xx_HAL_Driver/Src/stm32f4xx_hal_i2c.o
 .ARM.attributes
                0x00000453       0x34 ./Drivers/STM32F4xx_HAL_Driver/Src/stm32f4xx_hal_rcc.o
 .ARM.attributes
                0x00000487       0x34 ./Drivers/STM32F4xx_HAL_Driver/Src/stm32f4xx_hal_tim.o
 .ARM.attributes
                0x000004bb       0x34 ./Drivers/STM32F4xx_HAL_Driver/Src/stm32f4xx_hal_tim_ex.o
 .ARM.attributes
                0x000004ef       0x34 ./Drivers/STM32F4xx_HAL_Driver/Src/stm32f4xx_hal_uart.o
 .ARM.attributes
                0x00000523       0x34 ./Middlewares/Third_Party/FreeRTOS/Source/CMSIS_RTOS_V2/cmsis_os2.o
 .ARM.attributes
                0x00000557       0x34 ./Middlewares/Third_Party/FreeRTOS/Source/list.o
 .ARM.attributes
                0x0000058b       0x34 ./Middlewares/Third_Party/FreeRTOS/Source/queue.o
 .ARM.attributes
                0x000005bf       0x34 ./Middlewares/Third_Party/FreeRTOS/Source/tasks.o
 .ARM.attributes
                0x000005f3       0x34 ./Middlewares/Third_Party/FreeRTOS/Source/timers.o
 .ARM.attributes
                0x00000627       0x34 ./Middlewares/Third_Party/FreeRTOS/Source/portable/GCC/ARM_CM4F/port.o
 .ARM.attributes
                0x0000065b       0x34 ./Middlewares/Third_Party/FreeRTOS/Source/portable/MemMang/heap_4.o
 .ARM.attributes
                0x0000068f       0x34 /Applications/STM32CubeIDE.app/Contents/Eclipse/plugins/com.st.stm32cube.ide.mcu.externaltools.gnu-tools-for-stm32.13.3.rel1.macos64_1.0.0.202411102158/tools/bin/../lib/gcc/arm-none-eabi/13.3.1/../../../../arm-none-eabi/lib/thumb/v7e-m+fp/hard/libc_nano.a(libc_a-findfp.o)
 .ARM.attributes
                0x000006c3       0x34 /Applications/STM32CubeIDE.app/Contents/Eclipse/plugins/com.st.stm32cube.ide.mcu.externaltools.gnu-tools-for-stm32.13.3.rel1.macos64_1.0.0.202411102158/tools/bin/../lib/gcc/arm-none-eabi/13.3.1/../../../../arm-none-eabi/lib/thumb/v7e-m+fp/hard/libc_nano.a(libc_a-memset.o)
 .ARM.attributes
                0x000006f7       0x34 /Applications/STM32CubeIDE.app/Contents/Eclipse/plugins/com.st.stm32cube.ide.mcu.externaltools.gnu-tools-for-stm32.13.3.rel1.macos64_1.0.0.202411102158/tools/bin/../lib/gcc/arm-none-eabi/13.3.1/../../../../arm-none-eabi/lib/thumb/v7e-m+fp/hard/libc_nano.a(libc_a-init.o)
 .ARM.attributes
                0x0000072b       0x34 /Applications/STM32CubeIDE.app/Contents/Eclipse/plugins/com.st.stm32cube.ide.mcu.externaltools.gnu-tools-for-stm32.13.3.rel1.macos64_1.0.0.202411102158/tools/bin/../lib/gcc/arm-none-eabi/13.3.1/../../../../arm-none-eabi/lib/thumb/v7e-m+fp/hard/libc_nano.a(libc_a-lock.o)
 .ARM.attributes
                0x0000075f       0x34 /Applications/STM32CubeIDE.app/Contents/Eclipse/plugins/com.st.stm32cube.ide.mcu.externaltools.gnu-tools-for-stm32.13.3.rel1.macos64_1.0.0.202411102158/tools/bin/../lib/gcc/arm-none-eabi/13.3.1/../../../../arm-none-eabi/lib/thumb/v7e-m+fp/hard/libc_nano.a(libc_a-reent.o)
 .ARM.attributes
                0x00000793       0x34 /Applications/STM32CubeIDE.app/Contents/Eclipse/plugins/com.st.stm32cube.ide.mcu.externaltools.gnu-tools-for-stm32.13.3.rel1.macos64_1.0.0.202411102158/tools/bin/../lib/gcc/arm-none-eabi/13.3.1/../../../../arm-none-eabi/lib/thumb/v7e-m+fp/hard/libc_nano.a(libc_a-impure.o)
 .ARM.attributes
                0x000007c7       0x34 /Applications/STM32CubeIDE.app/Contents/Eclipse/plugins/com.st.stm32cube.ide.mcu.externaltools.gnu-tools-for-stm32.13.3.rel1.macos64_1.0.0.202411102158/tools/bin/../lib/gcc/arm-none-eabi/13.3.1/../../../../arm-none-eabi/lib/thumb/v7e-m+fp/hard/libc_nano.a(libc_a-memcpy-stub.o)
 .ARM.attributes
                0x000007fb       0x34 /Applications/STM32CubeIDE.app/Contents/Eclipse/plugins/com.st.stm32cube.ide.mcu.externaltools.gnu-tools-for-stm32.13.3.rel1.macos64_1.0.0.202411102158/tools/bin/../lib/gcc/arm-none-eabi/13.3.1/../../../../arm-none-eabi/lib/thumb/v7e-m+fp/hard/libc_nano.a(libc_a-freer.o)
 .ARM.attributes
                0x0000082f       0x34 /Applications/STM32CubeIDE.app/Contents/Eclipse/plugins/com.st.stm32cube.ide.mcu.externaltools.gnu-tools-for-stm32.13.3.rel1.macos64_1.0.0.202411102158/tools/bin/../lib/gcc/arm-none-eabi/13.3.1/../../../../arm-none-eabi/lib/thumb/v7e-m+fp/hard/libc_nano.a(libc_a-mallocr.o)
 .ARM.attributes
                0x00000863       0x34 /Applications/STM32CubeIDE.app/Contents/Eclipse/plugins/com.st.stm32cube.ide.mcu.externaltools.gnu-tools-for-stm32.13.3.rel1.macos64_1.0.0.202411102158/tools/bin/../lib/gcc/arm-none-eabi/13.3.1/../../../../arm-none-eabi/lib/thumb/v7e-m+fp/hard/libc_nano.a(libc_a-mlock.o)
 .ARM.attributes
                0x00000897       0x22 /Applications/STM32CubeIDE.app/Contents/Eclipse/plugins/com.st.stm32cube.ide.mcu.externaltools.gnu-tools-for-stm32.13.3.rel1.macos64_1.0.0.202411102158/tools/bin/../lib/gcc/arm-none-eabi/13.3.1/thumb/v7e-m+fp/hard/libgcc.a(_aeabi_uldivmod.o)
 .ARM.attributes
                0x000008b9       0x34 /Applications/STM32CubeIDE.app/Contents/Eclipse/plugins/com.st.stm32cube.ide.mcu.externaltools.gnu-tools-for-stm32.13.3.rel1.macos64_1.0.0.202411102158/tools/bin/../lib/gcc/arm-none-eabi/13.3.1/thumb/v7e-m+fp/hard/libgcc.a(_udivmoddi4.o)
 .ARM.attributes
                0x000008ed       0x22 /Applications/STM32CubeIDE.app/Contents/Eclipse/plugins/com.st.stm32cube.ide.mcu.externaltools.gnu-tools-for-stm32.13.3.rel1.macos64_1.0.0.202411102158/tools/bin/../lib/gcc/arm-none-eabi/13.3.1/thumb/v7e-m+fp/hard/libgcc.a(_dvmd_tls.o)
 .ARM.attributes
                0x0000090f       0x22 /Applications/STM32CubeIDE.app/Contents/Eclipse/plugins/com.st.stm32cube.ide.mcu.externaltools.gnu-tools-for-stm32.13.3.rel1.macos64_1.0.0.202411102158/tools/bin/../lib/gcc/arm-none-eabi/13.3.1/thumb/v7e-m+fp/hard/crtn.o
OUTPUT(kairos.elf elf32-littlearm)
LOAD linker stubs
LOAD /Applications/STM32CubeIDE.app/Contents/Eclipse/plugins/com.st.stm32cube.ide.mcu.externaltools.gnu-tools-for-stm32.13.3.rel1.macos64_1.0.0.202411102158/tools/bin/../lib/gcc/arm-none-eabi/13.3.1/../../../../arm-none-eabi/lib/thumb/v7e-m+fp/hard/libc.a
LOAD /Applications/STM32CubeIDE.app/Contents/Eclipse/plugins/com.st.stm32cube.ide.mcu.externaltools.gnu-tools-for-stm32.13.3.rel1.macos64_1.0.0.202411102158/tools/bin/../lib/gcc/arm-none-eabi/13.3.1/../../../../arm-none-eabi/lib/thumb/v7e-m+fp/hard/libm.a
LOAD /Applications/STM32CubeIDE.app/Contents/Eclipse/plugins/com.st.stm32cube.ide.mcu.externaltools.gnu-tools-for-stm32.13.3.rel1.macos64_1.0.0.202411102158/tools/bin/../lib/gcc/arm-none-eabi/13.3.1/thumb/v7e-m+fp/hard/libgcc.a

.debug_info     0x00000000    0x25df8
 .debug_info    0x00000000      0x98d ./Components/Src/CAN.o
 .debug_info    0x0000098d      0xa25 ./Components/Src/RS485.o
 .debug_info    0x000013b2      0xa08 ./Components/Src/analog.o
 .debug_info    0x00001dba      0x97c ./Components/Src/led.o
 .debug_info    0x00002736     0x31bb ./Core/Src/main.o
 .debug_info    0x000058f1     0x2758 ./Core/Src/stm32f4xx_hal_msp.o
 .debug_info    0x00008049      0xbee ./Core/Src/stm32f4xx_hal_timebase_tim.o
 .debug_info    0x00008c37      0xf7d ./Core/Src/stm32f4xx_it.o
 .debug_info    0x00009bb4      0x512 ./Core/Src/system_stm32f4xx.o
 .debug_info    0x0000a0c6       0x30 ./Core/Startup/startup_stm32f407vetx.o
 .debug_info    0x0000a0f6      0x944 ./Drivers/STM32F4xx_HAL_Driver/Src/stm32f4xx_hal.o
 .debug_info    0x0000aa3a      0xce3 ./Drivers/STM32F4xx_HAL_Driver/Src/stm32f4xx_hal_adc.o
 .debug_info    0x0000b71d      0xf49 ./Drivers/STM32F4xx_HAL_Driver/Src/stm32f4xx_hal_can.o
 .debug_info    0x0000c666      0xd8c ./Drivers/STM32F4xx_HAL_Driver/Src/stm32f4xx_hal_cortex.o
 .debug_info    0x0000d3f2      0xa01 ./Drivers/STM32F4xx_HAL_Driver/Src/stm32f4xx_hal_dac.o
 .debug_info    0x0000ddf3      0x750 ./Drivers/STM32F4xx_HAL_Driver/Src/stm32f4xx_hal_dac_ex.o
 .debug_info    0x0000e543      0x8e7 ./Drivers/STM32F4xx_HAL_Driver/Src/stm32f4xx_hal_dma.o
 .debug_info    0x0000ee2a     0x2177 ./Drivers/STM32F4xx_HAL_Driver/Src/stm32f4xx_hal_eth.o
 .debug_info    0x00010fa1      0x6c3 ./Drivers/STM32F4xx_HAL_Driver/Src/stm32f4xx_hal_gpio.o
 .debug_info    0x00011664     0x2415 ./Drivers/STM32F4xx_HAL_Driver/Src/stm32f4xx_hal_i2c.o
 .debug_info    0x00013a79      0x8c3 ./Drivers/STM32F4xx_HAL_Driver/Src/stm32f4xx_hal_rcc.o
 .debug_info    0x0001433c     0x299d ./Drivers/STM32F4xx_HAL_Driver/Src/stm32f4xx_hal_tim.o
 .debug_info    0x00016cd9     0x14db ./Drivers/STM32F4xx_HAL_Driver/Src/stm32f4xx_hal_tim_ex.o
 .debug_info    0x000181b4     0x2f4f ./Drivers/STM32F4xx_HAL_Driver/Src/stm32f4xx_hal_uart.o
 .debug_info    0x0001b103     0x4109 ./Middlewares/Third_Party/FreeRTOS/Source/CMSIS_RTOS_V2/cmsis_os2.o
 .debug_info    0x0001f20c      0x2af ./Middlewares/Third_Party/FreeRTOS/Source/list.o
 .debug_info    0x0001f4bb     0x1b79 ./Middlewares/Third_Party/FreeRTOS/Source/queue.o
 .debug_info    0x00021034     0x28c1 ./Middlewares/Third_Party/FreeRTOS/Source/tasks.o
 .debug_info    0x000238f5     0x1b50 ./Middlewares/Third_Party/FreeRTOS/Source/timers.o
 .debug_info    0x00025445      0x4de ./Middlewares/Third_Party/FreeRTOS/Source/portable/GCC/ARM_CM4F/port.o
 .debug_info    0x00025923      0x4d5 ./Middlewares/Third_Party/FreeRTOS/Source/portable/MemMang/heap_4.o

.debug_abbrev   0x00000000     0x4bd3
 .debug_abbrev  0x00000000      0x213 ./Components/Src/CAN.o
 .debug_abbrev  0x00000213      0x1ca ./Components/Src/RS485.o
 .debug_abbrev  0x000003dd      0x1ef ./Components/Src/analog.o
 .debug_abbrev  0x000005cc      0x229 ./Components/Src/led.o
 .debug_abbrev  0x000007f5      0x362 ./Core/Src/main.o
 .debug_abbrev  0x00000b57      0x2cc ./Core/Src/stm32f4xx_hal_msp.o
 .debug_abbrev  0x00000e23      0x1f4 ./Core/Src/stm32f4xx_hal_timebase_tim.o
 .debug_abbrev  0x00001017      0x1e7 ./Core/Src/stm32f4xx_it.o
 .debug_abbrev  0x000011fe      0x11a ./Core/Src/system_stm32f4xx.o
 .debug_abbrev  0x00001318       0x24 ./Core/Startup/startup_stm32f407vetx.o
 .debug_abbrev  0x0000133c      0x214 ./Drivers/STM32F4xx_HAL_Driver/Src/stm32f4xx_hal.o
 .debug_abbrev  0x00001550      0x252 ./Drivers/STM32F4xx_HAL_Driver/Src/stm32f4xx_hal_adc.o
 .debug_abbrev  0x000017a2      0x258 ./Drivers/STM32F4xx_HAL_Driver/Src/stm32f4xx_hal_can.o
 .debug_abbrev  0x000019fa      0x31d ./Drivers/STM32F4xx_HAL_Driver/Src/stm32f4xx_hal_cortex.o
 .debug_abbrev  0x00001d17      0x1fa ./Drivers/STM32F4xx_HAL_Driver/Src/stm32f4xx_hal_dac.o
 .debug_abbrev  0x00001f11      0x1ef ./Drivers/STM32F4xx_HAL_Driver/Src/stm32f4xx_hal_dac_ex.o
 .debug_abbrev  0x00002100      0x264 ./Drivers/STM32F4xx_HAL_Driver/Src/stm32f4xx_hal_dma.o
 .debug_abbrev  0x00002364      0x35c ./Drivers/STM32F4xx_HAL_Driver/Src/stm32f4xx_hal_eth.o
 .debug_abbrev  0x000026c0      0x1d4 ./Drivers/STM32F4xx_HAL_Driver/Src/stm32f4xx_hal_gpio.o
 .debug_abbrev  0x00002894      0x2ad ./Drivers/STM32F4xx_HAL_Driver/Src/stm32f4xx_hal_i2c.o
 .debug_abbrev  0x00002b41      0x2b7 ./Drivers/STM32F4xx_HAL_Driver/Src/stm32f4xx_hal_rcc.o
 .debug_abbrev  0x00002df8      0x278 ./Drivers/STM32F4xx_HAL_Driver/Src/stm32f4xx_hal_tim.o
 .debug_abbrev  0x00003070      0x283 ./Drivers/STM32F4xx_HAL_Driver/Src/stm32f4xx_hal_tim_ex.o
 .debug_abbrev  0x000032f3      0x30e ./Drivers/STM32F4xx_HAL_Driver/Src/stm32f4xx_hal_uart.o
 .debug_abbrev  0x00003601      0x548 ./Middlewares/Third_Party/FreeRTOS/Source/CMSIS_RTOS_V2/cmsis_os2.o
 .debug_abbrev  0x00003b49       0xf5 ./Middlewares/Third_Party/FreeRTOS/Source/list.o
 .debug_abbrev  0x00003c3e      0x3b6 ./Middlewares/Third_Party/FreeRTOS/Source/queue.o
 .debug_abbrev  0x00003ff4      0x3fe ./Middlewares/Third_Party/FreeRTOS/Source/tasks.o
 .debug_abbrev  0x000043f2      0x368 ./Middlewares/Third_Party/FreeRTOS/Source/timers.o
 .debug_abbrev  0x0000475a      0x25c ./Middlewares/Third_Party/FreeRTOS/Source/portable/GCC/ARM_CM4F/port.o
 .debug_abbrev  0x000049b6      0x21d ./Middlewares/Third_Party/FreeRTOS/Source/portable/MemMang/heap_4.o

.debug_aranges  0x00000000     0x1e20
 .debug_aranges
                0x00000000       0x30 ./Components/Src/CAN.o
 .debug_aranges
                0x00000030       0x40 ./Components/Src/RS485.o
 .debug_aranges
                0x00000070       0x38 ./Components/Src/analog.o
 .debug_aranges
                0x000000a8       0x38 ./Components/Src/led.o
 .debug_aranges
                0x000000e0       0xb0 ./Core/Src/main.o
 .debug_aranges
                0x00000190       0xa8 ./Core/Src/stm32f4xx_hal_msp.o
 .debug_aranges
                0x00000238       0x30 ./Core/Src/stm32f4xx_hal_timebase_tim.o
 .debug_aranges
                0x00000268       0x90 ./Core/Src/stm32f4xx_it.o
 .debug_aranges
                0x000002f8       0x28 ./Core/Src/system_stm32f4xx.o
 .debug_aranges
                0x00000320       0x28 ./Core/Startup/startup_stm32f407vetx.o
 .debug_aranges
                0x00000348       0xf0 ./Drivers/STM32F4xx_HAL_Driver/Src/stm32f4xx_hal.o
 .debug_aranges
                0x00000438       0xe8 ./Drivers/STM32F4xx_HAL_Driver/Src/stm32f4xx_hal_adc.o
 .debug_aranges
                0x00000520      0x138 ./Drivers/STM32F4xx_HAL_Driver/Src/stm32f4xx_hal_can.o
 .debug_aranges
                0x00000658      0x130 ./Drivers/STM32F4xx_HAL_Driver/Src/stm32f4xx_hal_cortex.o
 .debug_aranges
                0x00000788       0xc0 ./Drivers/STM32F4xx_HAL_Driver/Src/stm32f4xx_hal_dac.o
 .debug_aranges
                0x00000848       0x80 ./Drivers/STM32F4xx_HAL_Driver/Src/stm32f4xx_hal_dac_ex.o
 .debug_aranges
                0x000008c8       0x90 ./Drivers/STM32F4xx_HAL_Driver/Src/stm32f4xx_hal_dma.o
 .debug_aranges
                0x00000958      0x1e8 ./Drivers/STM32F4xx_HAL_Driver/Src/stm32f4xx_hal_eth.o
 .debug_aranges
                0x00000b40       0x58 ./Drivers/STM32F4xx_HAL_Driver/Src/stm32f4xx_hal_gpio.o
 .debug_aranges
                0x00000b98      0x2a8 ./Drivers/STM32F4xx_HAL_Driver/Src/stm32f4xx_hal_i2c.o
 .debug_aranges
                0x00000e40       0x88 ./Drivers/STM32F4xx_HAL_Driver/Src/stm32f4xx_hal_rcc.o
 .debug_aranges
                0x00000ec8      0x3d0 ./Drivers/STM32F4xx_HAL_Driver/Src/stm32f4xx_hal_tim.o
 .debug_aranges
                0x00001298      0x168 ./Drivers/STM32F4xx_HAL_Driver/Src/stm32f4xx_hal_tim_ex.o
 .debug_aranges
                0x00001400      0x208 ./Drivers/STM32F4xx_HAL_Driver/Src/stm32f4xx_hal_uart.o
 .debug_aranges
                0x00001608      0x2b0 ./Middlewares/Third_Party/FreeRTOS/Source/CMSIS_RTOS_V2/cmsis_os2.o
 .debug_aranges
                0x000018b8       0x40 ./Middlewares/Third_Party/FreeRTOS/Source/list.o
 .debug_aranges
                0x000018f8      0x158 ./Middlewares/Third_Party/FreeRTOS/Source/queue.o
 .debug_aranges
                0x00001a50      0x208 ./Middlewares/Third_Party/FreeRTOS/Source/tasks.o
 .debug_aranges
                0x00001c58       0xf0 ./Middlewares/Third_Party/FreeRTOS/Source/timers.o
 .debug_aranges
                0x00001d48       0x80 ./Middlewares/Third_Party/FreeRTOS/Source/portable/GCC/ARM_CM4F/port.o
 .debug_aranges
                0x00001dc8       0x58 ./Middlewares/Third_Party/FreeRTOS/Source/portable/MemMang/heap_4.o

.debug_rnglists
                0x00000000     0x1789
 .debug_rnglists
                0x00000000       0x20 ./Components/Src/CAN.o
 .debug_rnglists
                0x00000020       0x2c ./Components/Src/RS485.o
 .debug_rnglists
                0x0000004c       0x27 ./Components/Src/analog.o
 .debug_rnglists
                0x00000073       0x27 ./Components/Src/led.o
 .debug_rnglists
                0x0000009a       0x8a ./Core/Src/main.o
 .debug_rnglists
                0x00000124       0x82 ./Core/Src/stm32f4xx_hal_msp.o
 .debug_rnglists
                0x000001a6       0x20 ./Core/Src/stm32f4xx_hal_timebase_tim.o
 .debug_rnglists
                0x000001c6       0x67 ./Core/Src/stm32f4xx_it.o
 .debug_rnglists
                0x0000022d       0x1a ./Core/Src/system_stm32f4xx.o
 .debug_rnglists
                0x00000247       0x19 ./Core/Startup/startup_stm32f407vetx.o
 .debug_rnglists
                0x00000260       0xaf ./Drivers/STM32F4xx_HAL_Driver/Src/stm32f4xx_hal.o
 .debug_rnglists
                0x0000030f       0xb5 ./Drivers/STM32F4xx_HAL_Driver/Src/stm32f4xx_hal_adc.o
 .debug_rnglists