../Core/Src/main.c:108:5:main	8	static
../Core/Src/main.c:199:6:SystemClock_Config	88	static
../Core/Src/main.c:245:13:MX_ADC1_Init	24	static
../Core/Src/main.c:297:13:MX_CAN1_Init	8	static
../Core/Src/main.c:334:13:MX_DAC_Init	16	static
../Core/Src/main.c:381:13:MX_ETH_Init	8	static
../Core/Src/main.c:430:13:MX_I2C1_Init	8	static
../Core/Src/main.c:464:13:MX_TIM1_Init	40	static
../Core/Src/main.c:513:13:MX_TIM3_Init	40	static
../Core/Src/main.c:561:13:MX_TIM5_Init	40	static
../Core/Src/main.c:609:13:MX_TIM8_Init	80	static
../Core/Src/main.c:686:13:MX_TIM9_Init	40	static
../Core/Src/main.c:732:13:MX_UART4_Init	8	static
../Core/Src/main.c:765:13:MX_GPIO_Init	56	static
../Core/Src/main.c:829:6:StartDefaultTask	16	static
../Core/Src/main.c:848:6:HAL_TIM_PeriodElapsedCallback	16	static
../Core/Src/main.c:866:6:Error_Handler	4	static,ignoring_inline_asm
