../Core/Src/stm32f4xx_it.c:76:6:NMI_Handler	4	static
../Core/Src/stm32f4xx_it.c:91:6:HardFault_Handler	4	static
../Core/Src/stm32f4xx_it.c:106:6:MemManage_Handler	4	static
../Core/Src/stm32f4xx_it.c:121:6:BusFault_Handler	4	static
../Core/Src/stm32f4xx_it.c:136:6:UsageFault_Handler	4	static
../Core/Src/stm32f4xx_it.c:151:6:DebugMon_Handler	4	static
../Core/Src/stm32f4xx_it.c:171:6:DMA1_Stream2_IRQHandler	8	static
../Core/Src/stm32f4xx_it.c:185:6:DMA1_Stream4_IRQHandler	8	static
../Core/Src/stm32f4xx_it.c:199:6:CAN1_TX_IRQHandler	8	static
../Core/Src/stm32f4xx_it.c:213:6:CAN1_RX0_IRQHandler	8	static
../Core/Src/stm32f4xx_it.c:227:6:CAN1_RX1_IRQHandler	8	static
../Core/Src/stm32f4xx_it.c:241:6:CAN1_SCE_IRQHandler	8	static
../Core/Src/stm32f4xx_it.c:255:6:UART4_IRQHandler	8	static
../Core/Src/stm32f4xx_it.c:269:6:TIM6_DAC_IRQHandler	8	static
../Core/Src/stm32f4xx_it.c:286:6:DMA2_Stream0_IRQHandler	8	static
